Archive member included because of file (symbol)

c:/dave-ide-4.4.2-64bit/eclipse/arm-gcc-49/bin/../lib/gcc/arm-none-eabi/4.9.3/../../../../arm-none-eabi/lib/armv7e-m/softfp\libg_nano.a(lib_a-errno.o)
                              ./Libraries/Newlib/syscalls.o (__errno)
c:/dave-ide-4.4.2-64bit/eclipse/arm-gcc-49/bin/../lib/gcc/arm-none-eabi/4.9.3/../../../../arm-none-eabi/lib/armv7e-m/softfp\libg_nano.a(lib_a-impure.o)
                              c:/dave-ide-4.4.2-64bit/eclipse/arm-gcc-49/bin/../lib/gcc/arm-none-eabi/4.9.3/../../../../arm-none-eabi/lib/armv7e-m/softfp\libg_nano.a(lib_a-errno.o) (_impure_ptr)
c:/dave-ide-4.4.2-64bit/eclipse/arm-gcc-49/bin/../lib/gcc/arm-none-eabi/4.9.3/../../../../arm-none-eabi/lib/armv7e-m/softfp\libg_nano.a(lib_a-init.o)
                              ./Startup/startup_XMC4300.o (__libc_init_array)
c:/dave-ide-4.4.2-64bit/eclipse/arm-gcc-49/bin/../lib/gcc/arm-none-eabi/4.9.3/../../../../arm-none-eabi/lib/armv7e-m/softfp\libg_nano.a(lib_a-malloc.o)
                              ./Dave/Generated/FREERTOS/heap.o (malloc)
c:/dave-ide-4.4.2-64bit/eclipse/arm-gcc-49/bin/../lib/gcc/arm-none-eabi/4.9.3/../../../../arm-none-eabi/lib/armv7e-m/softfp\libg_nano.a(lib_a-memcpy.o)
                              ./Libraries/XMCLib/src/xmc_eth_mac.o (memcpy)
c:/dave-ide-4.4.2-64bit/eclipse/arm-gcc-49/bin/../lib/gcc/arm-none-eabi/4.9.3/../../../../arm-none-eabi/lib/armv7e-m/softfp\libg_nano.a(lib_a-memset.o)
                              ./Libraries/XMCLib/src/xmc_usbd.o (memset)
c:/dave-ide-4.4.2-64bit/eclipse/arm-gcc-49/bin/../lib/gcc/arm-none-eabi/4.9.3/../../../../arm-none-eabi/lib/armv7e-m/softfp\libg_nano.a(lib_a-nano-freer.o)
                              c:/dave-ide-4.4.2-64bit/eclipse/arm-gcc-49/bin/../lib/gcc/arm-none-eabi/4.9.3/../../../../arm-none-eabi/lib/armv7e-m/softfp\libg_nano.a(lib_a-malloc.o) (_free_r)
c:/dave-ide-4.4.2-64bit/eclipse/arm-gcc-49/bin/../lib/gcc/arm-none-eabi/4.9.3/../../../../arm-none-eabi/lib/armv7e-m/softfp\libg_nano.a(lib_a-nano-mallocr.o)
                              c:/dave-ide-4.4.2-64bit/eclipse/arm-gcc-49/bin/../lib/gcc/arm-none-eabi/4.9.3/../../../../arm-none-eabi/lib/armv7e-m/softfp\libg_nano.a(lib_a-malloc.o) (_malloc_r)
c:/dave-ide-4.4.2-64bit/eclipse/arm-gcc-49/bin/../lib/gcc/arm-none-eabi/4.9.3/../../../../arm-none-eabi/lib/armv7e-m/softfp\libg_nano.a(lib_a-sbrkr.o)
                              c:/dave-ide-4.4.2-64bit/eclipse/arm-gcc-49/bin/../lib/gcc/arm-none-eabi/4.9.3/../../../../arm-none-eabi/lib/armv7e-m/softfp\libg_nano.a(lib_a-nano-mallocr.o) (_sbrk_r)
c:/dave-ide-4.4.2-64bit/eclipse/arm-gcc-49/bin/../lib/gcc/arm-none-eabi/4.9.3/../../../../arm-none-eabi/lib/armv7e-m/softfp\libg_nano.a(lib_a-sprintf.o)
                              ./Dave/Generated/FREERTOS/tasks.o (sprintf)
c:/dave-ide-4.4.2-64bit/eclipse/arm-gcc-49/bin/../lib/gcc/arm-none-eabi/4.9.3/../../../../arm-none-eabi/lib/armv7e-m/softfp\libg_nano.a(lib_a-strcpy.o)
                              ./Dave/Generated/FREERTOS/tasks.o (strcpy)
c:/dave-ide-4.4.2-64bit/eclipse/arm-gcc-49/bin/../lib/gcc/arm-none-eabi/4.9.3/../../../../arm-none-eabi/lib/armv7e-m/softfp\libg_nano.a(lib_a-strlen.o)
                              ./Dave/Generated/FREERTOS/tasks.o (strlen)
c:/dave-ide-4.4.2-64bit/eclipse/arm-gcc-49/bin/../lib/gcc/arm-none-eabi/4.9.3/../../../../arm-none-eabi/lib/armv7e-m/softfp\libg_nano.a(lib_a-nano-svfprintf.o)
                              c:/dave-ide-4.4.2-64bit/eclipse/arm-gcc-49/bin/../lib/gcc/arm-none-eabi/4.9.3/../../../../arm-none-eabi/lib/armv7e-m/softfp\libg_nano.a(lib_a-sprintf.o) (_svfprintf_r)
c:/dave-ide-4.4.2-64bit/eclipse/arm-gcc-49/bin/../lib/gcc/arm-none-eabi/4.9.3/../../../../arm-none-eabi/lib/armv7e-m/softfp\libg_nano.a(lib_a-nano-vfprintf_i.o)
                              c:/dave-ide-4.4.2-64bit/eclipse/arm-gcc-49/bin/../lib/gcc/arm-none-eabi/4.9.3/../../../../arm-none-eabi/lib/armv7e-m/softfp\libg_nano.a(lib_a-nano-svfprintf.o) (_printf_i)
c:/dave-ide-4.4.2-64bit/eclipse/arm-gcc-49/bin/../lib/gcc/arm-none-eabi/4.9.3/../../../../arm-none-eabi/lib/armv7e-m/softfp\libg_nano.a(lib_a-reent.o)
                              c:/dave-ide-4.4.2-64bit/eclipse/arm-gcc-49/bin/../lib/gcc/arm-none-eabi/4.9.3/../../../../arm-none-eabi/lib/armv7e-m/softfp\libg_nano.a(lib_a-sbrkr.o) (errno)
c:/dave-ide-4.4.2-64bit/eclipse/arm-gcc-49/bin/../lib/gcc/arm-none-eabi/4.9.3/../../../../arm-none-eabi/lib/armv7e-m/softfp\libg_nano.a(lib_a-memchr.o)
                              c:/dave-ide-4.4.2-64bit/eclipse/arm-gcc-49/bin/../lib/gcc/arm-none-eabi/4.9.3/../../../../arm-none-eabi/lib/armv7e-m/softfp\libg_nano.a(lib_a-nano-svfprintf.o) (memchr)
c:/dave-ide-4.4.2-64bit/eclipse/arm-gcc-49/bin/../lib/gcc/arm-none-eabi/4.9.3/../../../../arm-none-eabi/lib/armv7e-m/softfp\libg_nano.a(lib_a-memmove.o)
[...]
Memory Configuration

Name             Origin             Length             Attributes
FLASH_1_cached   0x08000000         0x00040000         xr
FLASH_1_uncached 0x0c000000         0x00040000         xr
PSRAM_1          0x1fff0000         0x00010000         !xr
DSRAM_1_system   0x20000000         0x00010000         !xr
SRAM_combined    0x1fff0000         0x00020000         !xr
*default*        0x00000000         0xffffffff

Linker script and memory map

LOAD ./source/ICM-42688-P/ICM-42688-P.o
LOAD ./Startup/startup_XMC4300.o
LOAD ./Startup/system_XMC4300.o
LOAD ./Libraries/XMCLib/src/xmc4_eru.o
LOAD ./Libraries/XMCLib/src/xmc4_flash.o
LOAD ./Libraries/XMCLib/src/xmc4_gpio.o
LOAD ./Libraries/XMCLib/src/xmc4_rtc.o
LOAD ./Libraries/XMCLib/src/xmc4_scu.o
LOAD ./Libraries/XMCLib/src/xmc_can.o
LOAD ./Libraries/XMCLib/src/xmc_ccu4.o
LOAD ./Libraries/XMCLib/src/xmc_ccu8.o
LOAD ./Libraries/XMCLib/src/xmc_common.o
LOAD ./Libraries/XMCLib/src/xmc_dac.o
LOAD ./Libraries/XMCLib/src/xmc_dma.o
LOAD ./Libraries/XMCLib/src/xmc_dsd.o
LOAD ./Libraries/XMCLib/src/xmc_ebu.o
LOAD ./Libraries/XMCLib/src/xmc_ecat.o
LOAD ./Libraries/XMCLib/src/xmc_eru.o
LOAD ./Libraries/XMCLib/src/xmc_eth_mac.o
LOAD ./Libraries/XMCLib/src/xmc_eth_phy_dp83848.o
LOAD ./Libraries/XMCLib/src/xmc_eth_phy_ksz8031rnl.o
LOAD ./Libraries/XMCLib/src/xmc_eth_phy_ksz8081rnb.o
LOAD ./Libraries/XMCLib/src/xmc_fce.o
LOAD ./Libraries/XMCLib/src/xmc_gpio.o
LOAD ./Libraries/XMCLib/src/xmc_hrpwm.o
LOAD ./Libraries/XMCLib/src/xmc_i2c.o
LOAD ./Libraries/XMCLib/src/xmc_i2s.o
LOAD ./Libraries/XMCLib/src/xmc_ledts.o
LOAD ./Libraries/XMCLib/src/xmc_posif.o
LOAD ./Libraries/XMCLib/src/xmc_rtc.o
LOAD ./Libraries/XMCLib/src/xmc_sdmmc.o
LOAD ./Libraries/XMCLib/src/xmc_spi.o
LOAD ./Libraries/XMCLib/src/xmc_uart.o
LOAD ./Libraries/XMCLib/src/xmc_usbd.o
LOAD ./Libraries/XMCLib/src/xmc_usbh.o
LOAD ./Libraries/XMCLib/src/xmc_usic.o
LOAD ./Libraries/XMCLib/src/xmc_vadc.o
LOAD ./Libraries/XMCLib/src/xmc_wdt.o
LOAD ./Libraries/Newlib/syscalls.o
LOAD ./Dave/Generated/SPI_MASTER/spi_master.o
LOAD ./Dave/Generated/SPI_MASTER/spi_master_conf.o
LOAD ./Dave/Generated/GLOBAL_CCU4/global_ccu4.o
LOAD ./Dave/Generated/GLOBAL_CCU4/global_ccu4_conf.o
LOAD ./Dave/Generated/FREERTOS/portable/Keil/port.o
LOAD ./Dave/Generated/FREERTOS/portable/IAR/port.o
LOAD ./Dave/Generated/FREERTOS/portable/IAR/portasm.o
LOAD ./Dave/Generated/FREERTOS/portable/GCC/port.o
LOAD ./Dave/Generated/FREERTOS/croutine.o
LOAD ./Dave/Generated/FREERTOS/event_groups.o
LOAD ./Dave/Generated/FREERTOS/freertos.o
LOAD ./Dave/Generated/FREERTOS/heap.o
LOAD ./Dave/Generated/FREERTOS/list.o
LOAD ./Dave/Generated/FREERTOS/mpu_wrappers.o
LOAD ./Dave/Generated/FREERTOS/queue.o
LOAD ./Dave/Generated/FREERTOS/stream_buffer.o
LOAD ./Dave/Generated/FREERTOS/tasks.o
LOAD ./Dave/Generated/FREERTOS/timers.o
LOAD ./Dave/Generated/DIGITAL_IO/digital_io.o
LOAD ./Dave/Generated/DIGITAL_IO/digital_io_conf.o
LOAD ./Dave/Generated/CPU_CTRL_XMC4/cpu_ctrl_xmc4.o
LOAD ./Dave/Generated/CPU_CTRL_XMC4/cpu_ctrl_xmc4_conf.o
LOAD ./Dave/Generated/CLOCK_XMC4/clock_xmc4.o
LOAD ./Dave/Generated/CLOCK_XMC4/clock_xmc4_conf.o
LOAD ./Dave/Generated/DAVE.o
LOAD ./main.o
LOAD c:/dave-ide-4.4.2-64bit/eclipse/arm-gcc-49/bin/../lib/gcc/arm-none-eabi/4.9.3/../../../../arm-none-eabi/lib/armv7e-m/softfp\libm.a
START GROUP
LOAD c:/dave-ide-4.4.2-64bit/eclipse/arm-gcc-49/bin/../lib/gcc/arm-none-eabi/4.9.3/armv7e-m/softfp\libgcc.a
LOAD c:/dave-ide-4.4.2-64bit/eclipse/arm-gcc-49/bin/../lib/gcc/arm-none-eabi/4.9.3/../../../../arm-none-eabi/lib/armv7e-m/softfp\libg_nano.a
LOAD c:/dave-ide-4.4.2-64bit/eclipse/arm-gcc-49/bin/../lib/gcc/arm-none-eabi/4.9.3/../../../../arm-none-eabi/lib/armv7e-m/softfp\libc_nano.a
END GROUP
START GROUP
LOAD c:/dave-ide-4.4.2-64bit/eclipse/arm-gcc-49/bin/../lib/gcc/arm-none-eabi/4.9.3/armv7e-m/softfp\libgcc.a
LOAD c:/dave-ide-4.4.2-64bit/eclipse/arm-gcc-49/bin/../lib/gcc/arm-none-eabi/4.9.3/../../../../arm-none-eabi/lib/armv7e-m/softfp\libc_nano.a
LOAD c:/dave-ide-4.4.2-64bit/eclipse/arm-gcc-49/bin/../lib/gcc/arm-none-eabi/4.9.3/../../../../arm-none-eabi/lib/armv7e-m/softfp\libnosys.a
END GROUP
START GROUP
LOAD c:/dave-ide-4.4.2-64bit/eclipse/arm-gcc-49/bin/../lib/gcc/arm-none-eabi/4.9.3/armv7e-m/softfp\libgcc.a
LOAD c:/dave-ide-4.4.2-64bit/eclipse/arm-gcc-49/bin/../lib/gcc/arm-none-eabi/4.9.3/../../../../arm-none-eabi/lib/armv7e-m/softfp\libc_nano.a
LOAD c:/dave-ide-4.4.2-64bit/eclipse/arm-gcc-49/bin/../lib/gcc/arm-none-eabi/4.9.3/../../../../arm-none-eabi/lib/armv7e-m/softfp\libnosys.a
END GROUP
                0x00000800                stack_size = DEFINED (stack_size)?stack_size:0x800
                0x00000040                no_init_size = 0x40

.text           0x08000000     0x517c load address 0x0c000000
                0x08000000                sText = .
 *(.reset)
 .reset         0x08000000      0x29c ./Startup/startup_XMC4300.o
                0x08000000                __Vectors
                0x08000200                Reset_Handler
                0x08000298                DebugMon_Handler
                0x08000298                VADC0_C0_0_IRQHandler
                0x08000298                CAN0_4_IRQHandler
                0x08000298                USIC0_5_IRQHandler
                0x08000298                HardFault_Handler
                0x08000298                VADC0_G1_1_IRQHandler
                0x08000298                NMI_Handler
                0x08000298                USIC1_3_IRQHandler
                0x08000298                CCU40_2_IRQHandler
                0x08000298                SCU_0_IRQHandler
                0x08000298                ERU0_0_IRQHandler
                0x08000298                CCU41_0_IRQHandler
                0x08000298                USIC1_5_IRQHandler
                0x08000298                CCU80_1_IRQHandler
                0x08000298                UsageFault_Handler
                0x08000298                ERU0_2_IRQHandler
                0x08000298                ERU1_1_IRQHandler
                0x08000298                ERU0_3_IRQHandler
                0x08000298                VADC0_C0_3_IRQHandler
                0x08000298                CAN0_6_IRQHandler
                0x08000298                VADC0_G0_1_IRQHandler
                0x08000298                USIC1_1_IRQHandler
                0x08000298                CCU40_0_IRQHandler
                0x08000298                CAN0_0_IRQHandler
                0x08000298                ERU1_0_IRQHandler
                0x08000298                Default_Handler
                0x08000298                USIC1_4_IRQHandler
                0x08000298                ERU1_3_IRQHandler
                0x08000298                USIC1_0_IRQHandler
                0x08000298                VADC0_G0_0_IRQHandler
                0x08000298                CCU80_3_IRQHandler
                0x08000298                CCU41_3_IRQHandler
                0x08000298                CCU80_2_IRQHandler
                0x08000298                VADC0_G1_3_IRQHandler
                0x08000298                VADC0_G0_3_IRQHandler
                0x08000298                GPDMA0_0_IRQHandler
                0x08000298                PMU0_0_IRQHandler
                0x08000298                CAN0_7_IRQHandler
                0x08000298                CCU41_2_IRQHandler
                0x08000298                VADC0_C0_1_IRQHandler
                0x08000298                MemManage_Handler
                0x08000298                DAC0_0_IRQHandler
                0x08000298                ERU1_2_IRQHandler
                0x08000298                CCU41_1_IRQHandler
                0x08000298                VADC0_G1_2_IRQHandler
                0x08000298                CAN0_2_IRQHandler
                0x08000298                VADC0_G0_2_IRQHandler
                0x08000298                ECAT0_0_IRQHandler
                0x08000298                CAN0_3_IRQHandler
                0x08000298                ETH0_0_IRQHandler
                0x08000298                USIC0_3_IRQHandler
                0x08000298                VADC0_C0_2_IRQHandler
                0x08000298                FCE0_0_IRQHandler
                0x08000298                VADC0_G1_0_IRQHandler
                0x08000298                USB0_0_IRQHandler
                0x08000298                CAN0_5_IRQHandler
                0x08000298                CCU80_0_IRQHandler
                0x08000298                CCU40_1_IRQHandler
                0x08000298                CCU40_3_IRQHandler
                0x08000298                BusFault_Handler
                0x08000298                LEDTS0_0_IRQHandler
                0x08000298                USIC0_4_IRQHandler
                0x08000298                ERU0_1_IRQHandler
                0x08000298                USIC1_2_IRQHandler
                0x08000298                SDMMC0_0_IRQHandler
                0x08000298                CAN0_1_IRQHandler
                0x08000298                USIC0_2_IRQHandler
                0x08000298                DAC0_1_IRQHandler
 *(.text .text.* .gnu.linkonce.t.*)
 .text.SystemInit
                0x0800029c       0x20 ./Startup/system_XMC4300.o
                0x0800029c                SystemInit
 .text.SystemCoreClockUpdate
                0x080002bc       0xd4 ./Startup/system_XMC4300.o
                0x080002bc                SystemCoreClockUpdate
 .text.XMC_GPIO_Init
                0x08000390      0x14c ./Libraries/XMCLib/src/xmc4_gpio.o
                0x08000390                XMC_GPIO_Init
 .text.XMC_SCU_CLOCK_GetCpuClockFrequency
                0x080004dc       0x18 ./Libraries/XMCLib/src/xmc4_scu.o
 .text.XMC_SCU_GetMirrorStatus
                0x080004f4       0x18 ./Libraries/XMCLib/src/xmc4_scu.o
 .text.XMC_SCU_lDelay
                0x0800050c       0x44 ./Libraries/XMCLib/src/xmc4_scu.o
 .text.XMC_SCU_INTERUPT_GetEventStatus
                0x08000550       0x18 ./Libraries/XMCLib/src/xmc4_scu.o
                0x08000550                XMC_SCU_INTERUPT_GetEventStatus
 .text.XMC_SCU_INTERRUPT_ClearEventStatus
                0x08000568       0x1c ./Libraries/XMCLib/src/xmc4_scu.o
                0x08000568                XMC_SCU_INTERRUPT_ClearEventStatus
 .text.XMC_SCU_CLOCK_Init
                0x08000584       0xf8 ./Libraries/XMCLib/src/xmc4_scu.o
                0x08000584                XMC_SCU_CLOCK_Init
 .text.XMC_SCU_RESET_DeassertPeripheralReset
                0x0800067c       0x38 ./Libraries/XMCLib/src/xmc4_scu.o
                0x0800067c                XMC_SCU_RESET_DeassertPeripheralReset
 .text.XMC_SCU_RESET_IsPeripheralResetAsserted
                0x080006b4       0x48 ./Libraries/XMCLib/src/xmc4_scu.o
                0x080006b4                XMC_SCU_RESET_IsPeripheralResetAsserted
 .text.XMC_SCU_CLOCK_GetPeripheralClockFrequency
                0x080006fc       0x20 ./Libraries/XMCLib/src/xmc4_scu.o
                0x080006fc                XMC_SCU_CLOCK_GetPeripheralClockFrequency
 .text.XMC_SCU_CLOCK_SetSystemClockSource
                0x0800071c       0x28 ./Libraries/XMCLib/src/xmc4_scu.o
                0x0800071c                XMC_SCU_CLOCK_SetSystemClockSource
 .text.XMC_SCU_CLOCK_SetUsbClockSource
                0x08000744       0x28 ./Libraries/XMCLib/src/xmc4_scu.o
                0x08000744                XMC_SCU_CLOCK_SetUsbClockSource
 .text.XMC_SCU_CLOCK_SetWdtClockSource
                0x0800076c       0x28 ./Libraries/XMCLib/src/xmc4_scu.o
                0x0800076c                XMC_SCU_CLOCK_SetWdtClockSource
 .text.XMC_SCU_CLOCK_SetSystemPllClockSource
                0x08000794       0x40 ./Libraries/XMCLib/src/xmc4_scu.o
                0x08000794                XMC_SCU_CLOCK_SetSystemPllClockSource
 .text.XMC_SCU_HIB_SetRtcClockSource
                0x080007d4       0x3c ./Libraries/XMCLib/src/xmc4_scu.o
                0x080007d4                XMC_SCU_HIB_SetRtcClockSource
 .text.XMC_SCU_HIB_SetStandbyClockSource
                0x08000810       0x3c ./Libraries/XMCLib/src/xmc4_scu.o
                0x08000810                XMC_SCU_HIB_SetStandbyClockSource
 .text.XMC_SCU_CLOCK_SetSystemClockDivider
                0x0800084c       0x28 ./Libraries/XMCLib/src/xmc4_scu.o
                0x0800084c                XMC_SCU_CLOCK_SetSystemClockDivider
 .text.XMC_SCU_CLOCK_SetCcuClockDivider
                0x08000874       0x28 ./Libraries/XMCLib/src/xmc4_scu.o
                0x08000874                XMC_SCU_CLOCK_SetCcuClockDivider
 .text.XMC_SCU_CLOCK_SetCpuClockDivider
                0x0800089c       0x28 ./Libraries/XMCLib/src/xmc4_scu.o
                0x0800089c                XMC_SCU_CLOCK_SetCpuClockDivider
 .text.XMC_SCU_CLOCK_SetPeripheralClockDivider
                0x080008c4       0x28 ./Libraries/XMCLib/src/xmc4_scu.o
                0x080008c4                XMC_SCU_CLOCK_SetPeripheralClockDivider
 .text.XMC_SCU_CLOCK_SetUsbClockDivider
                0x080008ec       0x28 ./Libraries/XMCLib/src/xmc4_scu.o
                0x080008ec                XMC_SCU_CLOCK_SetUsbClockDivider
 .text.XMC_SCU_CLOCK_SetWdtClockDivider
                0x08000914       0x28 ./Libraries/XMCLib/src/xmc4_scu.o
                0x08000914                XMC_SCU_CLOCK_SetWdtClockDivider
 .text.XMC_SCU_CLOCK_SetECATClockDivider
                0x0800093c       0x28 ./Libraries/XMCLib/src/xmc4_scu.o
                0x0800093c                XMC_SCU_CLOCK_SetECATClockDivider
 .text.XMC_SCU_CLOCK_EnableClock
                0x08000964       0x20 ./Libraries/XMCLib/src/xmc4_scu.o
                0x08000964                XMC_SCU_CLOCK_EnableClock
 .text.XMC_SCU_CLOCK_UngatePeripheralClock
                0x08000984       0x38 ./Libraries/XMCLib/src/xmc4_scu.o
                0x08000984                XMC_SCU_CLOCK_UngatePeripheralClock
 .text.XMC_SCU_CLOCK_IsPeripheralClockGated
                0x080009bc       0x48 ./Libraries/XMCLib/src/xmc4_scu.o
                0x080009bc                XMC_SCU_CLOCK_IsPeripheralClockGated
 .text.XMC_SCU_CLOCK_EnableUsbPll
                0x08000a04       0x20 ./Libraries/XMCLib/src/xmc4_scu.o
                0x08000a04                XMC_SCU_CLOCK_EnableUsbPll
 .text.XMC_SCU_CLOCK_StartUsbPll
                0x08000a24       0xb4 ./Libraries/XMCLib/src/xmc4_scu.o
                0x08000a24                XMC_SCU_CLOCK_StartUsbPll
 .text.XMC_SCU_CLOCK_SetBackupClockCalibrationMode
                0x08000ad8       0x4c ./Libraries/XMCLib/src/xmc4_scu.o
                0x08000ad8                XMC_SCU_CLOCK_SetBackupClockCalibrationMode
 .text.XMC_SCU_HIB_EnableHibernateDomain
                0x08000b24       0x58 ./Libraries/XMCLib/src/xmc4_scu.o
                0x08000b24                XMC_SCU_HIB_EnableHibernateDomain
 .text.XMC_SCU_CLOCK_IsLowPowerOscillatorStable
                0x08000b7c       0x24 ./Libraries/XMCLib/src/xmc4_scu.o
                0x08000b7c                XMC_SCU_CLOCK_IsLowPowerOscillatorStable
 .text.XMC_SCU_CLOCK_EnableLowPowerOscillator
                0x08000ba0       0x70 ./Libraries/XMCLib/src/xmc4_scu.o
                0x08000ba0                XMC_SCU_CLOCK_EnableLowPowerOscillator
 .text.XMC_SCU_CLOCK_EnableHighPerformanceOscillator
                0x08000c10       0x50 ./Libraries/XMCLib/src/xmc4_scu.o
                0x08000c10                XMC_SCU_CLOCK_EnableHighPerformanceOscillator
 .text.XMC_SCU_CLOCK_IsHighPerformanceOscillatorStable
                0x08000c60       0x28 ./Libraries/XMCLib/src/xmc4_scu.o
                0x08000c60                XMC_SCU_CLOCK_IsHighPerformanceOscillatorStable
 .text.XMC_SCU_CLOCK_EnableSystemPll
                0x08000c88       0x20 ./Libraries/XMCLib/src/xmc4_scu.o
                0x08000c88                XMC_SCU_CLOCK_EnableSystemPll
 .text.XMC_SCU_CLOCK_DisableSystemPll
                0x08000ca8       0x20 ./Libraries/XMCLib/src/xmc4_scu.o
                0x08000ca8                XMC_SCU_CLOCK_DisableSystemPll
 .text.XMC_SCU_CLOCK_StartSystemPll
                0x08000cc8      0x19c ./Libraries/XMCLib/src/xmc4_scu.o
                0x08000cc8                XMC_SCU_CLOCK_StartSystemPll
 .text.XMC_SCU_CLOCK_StepSystemPllFrequency
                0x08000e64       0x3c ./Libraries/XMCLib/src/xmc4_scu.o
                0x08000e64                XMC_SCU_CLOCK_StepSystemPllFrequency
 .text.XMC_CCU4_StartPrescaler
                0x08000ea0       0x1c ./Libraries/XMCLib/src/xmc_ccu4.o
 .text.XMC_CCU4_lDeassertReset
                0x08000ebc       0x34 ./Libraries/XMCLib/src/xmc_ccu4.o
 .text.XMC_CCU4_lUngateClock
                0x08000ef0       0x34 ./Libraries/XMCLib/src/xmc_ccu4.o
 .text.XMC_CCU4_EnableModule
                0x08000f24       0x20 ./Libraries/XMCLib/src/xmc_ccu4.o
                0x08000f24                XMC_CCU4_EnableModule
 .text.XMC_CCU4_Init
                0x08000f44       0x3c ./Libraries/XMCLib/src/xmc_ccu4.o
                0x08000f44                XMC_CCU4_Init
 .text.XMC_GPIO_SetHardwareControl
                0x08000f80       0x44 ./Libraries/XMCLib/src/xmc_gpio.o
                0x08000f80                XMC_GPIO_SetHardwareControl
 .text.XMC_SPI_CH_InitEx
                0x08000fc4       0x8c ./Libraries/XMCLib/src/xmc_spi.o
                0x08000fc4                XMC_SPI_CH_InitEx
 .text.XMC_SPI_CH_GetReceivedData
                0x08001050       0x34 ./Libraries/XMCLib/src/xmc_spi.o
                0x08001050                XMC_SPI_CH_GetReceivedData
 .text.XMC_SPI_CH_DisableEvent
                0x08001084       0x38 ./Libraries/XMCLib/src/xmc_spi.o
                0x08001084                XMC_SPI_CH_DisableEvent
 .text.XMC_USIC_CH_Enable
                0x080010bc       0x74 ./Libraries/XMCLib/src/xmc_usic.o
                0x080010bc                XMC_USIC_CH_Enable
 .text.XMC_USIC_CH_SetBaudrate
                0x08001130       0xe4 ./Libraries/XMCLib/src/xmc_usic.o
                0x08001130                XMC_USIC_CH_SetBaudrate
 .text.XMC_USIC_CH_SetBaudrateEx
                0x08001214      0x100 ./Libraries/XMCLib/src/xmc_usic.o
                0x08001214                XMC_USIC_CH_SetBaudrateEx
 .text.XMC_USIC_CH_TXFIFO_Configure
                0x08001314       0x50 ./Libraries/XMCLib/src/xmc_usic.o
                0x08001314                XMC_USIC_CH_TXFIFO_Configure
 .text.XMC_USIC_CH_RXFIFO_Configure
                0x08001364       0x54 ./Libraries/XMCLib/src/xmc_usic.o
                0x08001364                XMC_USIC_CH_RXFIFO_Configure
 .text.XMC_USIC_CH_RXFIFO_SetSizeTriggerLimit
                0x080013b8       0x30 ./Libraries/XMCLib/src/xmc_usic.o
                0x080013b8                XMC_USIC_CH_RXFIFO_SetSizeTriggerLimit
 .text.XMC_USIC_CH_SetInterruptNodePointer
                0x080013e8       0x38 ./Libraries/XMCLib/src/xmc_usic.o
                0x080013e8                XMC_USIC_CH_SetInterruptNodePointer
 .text.XMC_USIC_CH_TXFIFO_SetInterruptNodePointer
                0x08001420       0x3c ./Libraries/XMCLib/src/xmc_usic.o
                0x08001420                XMC_USIC_CH_TXFIFO_SetInterruptNodePointer
 .text.XMC_USIC_CH_RXFIFO_SetInterruptNodePointer
                0x0800145c       0x3c ./Libraries/XMCLib/src/xmc_usic.o
                0x0800145c                XMC_USIC_CH_RXFIFO_SetInterruptNodePointer
 .text.XMC_USIC_Enable
                0x08001498       0x84 ./Libraries/XMCLib/src/xmc_usic.o
                0x08001498                XMC_USIC_Enable
 .text._sbrk    0x0800151c       0x68 ./Libraries/Newlib/syscalls.o
                0x0800151c                _sbrk
 .text._init    0x08001584        0xc ./Libraries/Newlib/syscalls.o
                0x08001584                _init
 .text.XMC_USIC_CH_WriteToTBUFTCI
                0x08001590       0x24 ./Dave/Generated/SPI_MASTER/spi_master.o
 .text.XMC_USIC_CH_EnableEvent
                0x080015b4       0x20 ./Dave/Generated/SPI_MASTER/spi_master.o
 .text.XMC_USIC_CH_DisableEvent
                0x080015d4       0x24 ./Dave/Generated/SPI_MASTER/spi_master.o
 .text.XMC_USIC_CH_GetTransmitBufferStatus
                0x080015f8       0x20 ./Dave/Generated/SPI_MASTER/spi_master.o
 .text.XMC_USIC_CH_GetReceiveBufferStatus
                0x08001618       0x1c ./Dave/Generated/SPI_MASTER/spi_master.o
 .text.XMC_USIC_CH_TriggerServiceRequest
                0x08001634       0x20 ./Dave/Generated/SPI_MASTER/spi_master.o
 .text.XMC_USIC_CH_TXFIFO_EnableEvent
                0x08001654       0x24 ./Dave/Generated/SPI_MASTER/spi_master.o
 .text.XMC_USIC_CH_TXFIFO_DisableEvent
                0x08001678       0x28 ./Dave/Generated/SPI_MASTER/spi_master.o
 .text.XMC_USIC_CH_TXFIFO_PutDataHPCMode
                0x080016a0       0x24 ./Dave/Generated/SPI_MASTER/spi_master.o
 .text.XMC_USIC_CH_TXFIFO_Flush
                0x080016c4       0x1c ./Dave/Generated/SPI_MASTER/spi_master.o
 .text.XMC_USIC_CH_TXFIFO_IsFull
                0x080016e0       0x28 ./Dave/Generated/SPI_MASTER/spi_master.o
 .text.XMC_USIC_CH_TXFIFO_IsEmpty
                0x08001708       0x28 ./Dave/Generated/SPI_MASTER/spi_master.o
 .text.XMC_USIC_CH_RXFIFO_EnableEvent
                0x08001730       0x24 ./Dave/Generated/SPI_MASTER/spi_master.o
 .text.XMC_USIC_CH_RXFIFO_DisableEvent
                0x08001754       0x28 ./Dave/Generated/SPI_MASTER/spi_master.o
 .text.XMC_USIC_CH_RXFIFO_Flush
                0x0800177c       0x1c ./Dave/Generated/SPI_MASTER/spi_master.o
 .text.XMC_USIC_CH_RXFIFO_IsEmpty
                0x08001798       0x28 ./Dave/Generated/SPI_MASTER/spi_master.o
 .text.XMC_SPI_CH_SetTransmitMode
                0x080017c0       0x2c ./Dave/Generated/SPI_MASTER/spi_master.o
 .text.SPI_MASTER_Init
                0x080017ec       0x20 ./Dave/Generated/SPI_MASTER/spi_master.o
                0x080017ec                SPI_MASTER_Init
 .text.SPI_MASTER_Transmit
                0x0800180c       0x34 ./Dave/Generated/SPI_MASTER/spi_master.o
                0x0800180c                SPI_MASTER_Transmit
 .text.SPI_MASTER_StartTransmitIRQ
                0x08001840       0xec ./Dave/Generated/SPI_MASTER/spi_master.o
                0x08001840                SPI_MASTER_StartTransmitIRQ
 .text.SPI_MASTER_Transfer
                0x0800192c       0xb0 ./Dave/Generated/SPI_MASTER/spi_master.o
                0x0800192c                SPI_MASTER_Transfer
 .text.SPI_MASTER_lTransmitHandler
                0x080019dc      0x1c8 ./Dave/Generated/SPI_MASTER/spi_master.o
                0x080019dc                SPI_MASTER_lTransmitHandler
 .text.SPI_MASTER_lReceiveIRQ
                0x08001ba4       0xac ./Dave/Generated/SPI_MASTER/spi_master.o
 .text.SPI_MASTER_lReceiveHandler
                0x08001c50      0x1a4 ./Dave/Generated/SPI_MASTER/spi_master.o
                0x08001c50                SPI_MASTER_lReceiveHandler
 .text.SPI_MASTER_lFIFORead
                0x08001df4       0xc4 ./Dave/Generated/SPI_MASTER/spi_master.o
 .text.SPI_MASTER_lReconfigureRxFIFO
                0x08001eb8       0x70 ./Dave/Generated/SPI_MASTER/spi_master.o
 .text.SPI_MASTER_lStdRBUFFlush
                0x08001f28       0x1c ./Dave/Generated/SPI_MASTER/spi_master.o
 .text.__NVIC_GetPriorityGrouping
                0x08001f44       0x1c ./Dave/Generated/SPI_MASTER/spi_master_conf.o
 .text.__NVIC_EnableIRQ
                0x08001f60       0x38 ./Dave/Generated/SPI_MASTER/spi_master_conf.o
 .text.__NVIC_SetPriority
                0x08001f98       0x54 ./Dave/Generated/SPI_MASTER/spi_master_conf.o
 .text.NVIC_EncodePriority
                0x08001fec       0x64 ./Dave/Generated/SPI_MASTER/spi_master_conf.o
 .text.XMC_USIC_CH_SetInputSource
                0x08002050       0x3c ./Dave/Generated/SPI_MASTER/spi_master_conf.o
 .text.XMC_USIC_CH_SetWordLength
                0x0800208c       0x2c ./Dave/Generated/SPI_MASTER/spi_master_conf.o
 .text.XMC_USIC_CH_SetFrameLength
                0x080020b8       0x2c ./Dave/Generated/SPI_MASTER/spi_master_conf.o
 .text.XMC_USIC_CH_ConfigureShiftClockOutput
                0x080020e4       0x2c ./Dave/Generated/SPI_MASTER/spi_master_conf.o
 .text.XMC_USIC_CH_SetMode
                0x08002110       0x28 ./Dave/Generated/SPI_MASTER/spi_master_conf.o
 .text.XMC_SPI_CH_Init
                0x08002138       0x1c ./Dave/Generated/SPI_MASTER/spi_master_conf.o
 .text.XMC_SPI_CH_Start
                0x08002154       0x18 ./Dave/Generated/SPI_MASTER/spi_master_conf.o
 .text.XMC_SPI_CH_SetBitOrderMsbFirst
                0x0800216c       0x20 ./Dave/Generated/SPI_MASTER/spi_master_conf.o
 .text.XMC_SPI_CH_SetSlaveSelectDelay
                0x0800218c       0x2c ./Dave/Generated/SPI_MASTER/spi_master_conf.o
 .text.XMC_SPI_CH_DisableFEM
                0x080021b8       0x20 ./Dave/Generated/SPI_MASTER/spi_master_conf.o
 .text.XMC_SPI_CH_ConfigureShiftClockOutput
                0x080021d8       0x1c ./Dave/Generated/SPI_MASTER/spi_master_conf.o
 .text.XMC_SPI_CH_SetWordLength
                0x080021f4       0x1c ./Dave/Generated/SPI_MASTER/spi_master_conf.o
 .text.XMC_SPI_CH_SetFrameLength
                0x08002210       0x1c ./Dave/Generated/SPI_MASTER/spi_master_conf.o
 .text.XMC_SPI_CH_SetInputSource
                0x0800222c       0x44 ./Dave/Generated/SPI_MASTER/spi_master_conf.o
 .text.SPI_MASTER_0_lInit
                0x08002270      0x110 ./Dave/Generated/SPI_MASTER/spi_master_conf.o
 .text.USIC0_1_IRQHandler
                0x08002380       0x10 ./Dave/Generated/SPI_MASTER/spi_master_conf.o
                0x08002380                USIC0_1_IRQHandler
 .text.USIC0_0_IRQHandler
                0x08002390       0x10 ./Dave/Generated/SPI_MASTER/spi_master_conf.o
                0x08002390                USIC0_0_IRQHandler
 .text.XMC_CCU4_StartPrescaler
                0x080023a0       0x1c ./Dave/Generated/GLOBAL_CCU4/global_ccu4.o
 .text.GLOBAL_CCU4_Init
                0x080023bc       0x40 ./Dave/Generated/GLOBAL_CCU4/global_ccu4.o
                0x080023bc                GLOBAL_CCU4_Init
 .text.pxPortInitialiseStack
                0x080023fc       0x68 ./Dave/Generated/FREERTOS/portable/GCC/port.o
                0x080023fc                pxPortInitialiseStack
 .text.prvTaskExitError
                0x08002464       0x50 ./Dave/Generated/FREERTOS/portable/GCC/port.o
 *fill*         0x080024b4        0xc 
 .text.SVC_Handler
                0x080024c0       0x30 ./Dave/Generated/FREERTOS/portable/GCC/port.o
                0x080024c0                SVC_Handler
 .text.prvPortStartFirstTask
                0x080024f0       0x28 ./Dave/Generated/FREERTOS/portable/GCC/port.o
 .text.xPortStartScheduler
                0x08002518      0x13c ./Dave/Generated/FREERTOS/portable/GCC/port.o
                0x08002518                xPortStartScheduler
 .text.vPortEnterCritical
                0x08002654       0x5c ./Dave/Generated/FREERTOS/portable/GCC/port.o
                0x08002654                vPortEnterCritical
 .text.vPortExitCritical
                0x080026b0       0x4c ./Dave/Generated/FREERTOS/portable/GCC/port.o
                0x080026b0                vPortExitCritical
 *fill*         0x080026fc        0x4 
 .text.PendSV_Handler
                0x08002700       0x70 ./Dave/Generated/FREERTOS/portable/GCC/port.o
                0x08002700                PendSV_Handler
 .text.SysTick_Handler
                0x08002770       0x40 ./Dave/Generated/FREERTOS/portable/GCC/port.o
                0x08002770                SysTick_Handler
 .text.vPortSetupTimerInterrupt
                0x080027b0       0x44 ./Dave/Generated/FREERTOS/portable/GCC/port.o
                0x080027b0                vPortSetupTimerInterrupt
 .text.vPortEnableVFP
                0x080027f4       0x14 ./Dave/Generated/FREERTOS/portable/GCC/port.o
 .text.vPortValidateInterruptPriority
                0x08002808       0x78 ./Dave/Generated/FREERTOS/portable/GCC/port.o
                0x08002808                vPortValidateInterruptPriority
 .text.pvPortMalloc
                0x08002880       0x24 ./Dave/Generated/FREERTOS/heap.o
                0x08002880                pvPortMalloc
 .text.vPortFree
                0x080028a4       0x24 ./Dave/Generated/FREERTOS/heap.o
                0x080028a4                vPortFree
 .text.vListInitialise
                0x080028c8       0x40 ./Dave/Generated/FREERTOS/list.o
                0x080028c8                vListInitialise
 .text.vListInitialiseItem
                0x08002908       0x18 ./Dave/Generated/FREERTOS/list.o
                0x08002908                vListInitialiseItem
 .text.vListInsertEnd
                0x08002920       0x48 ./Dave/Generated/FREERTOS/list.o
                0x08002920                vListInsertEnd
 .text.vListInsert
                0x08002968       0x70 ./Dave/Generated/FREERTOS/list.o
                0x08002968                vListInsert
 .text.uxListRemove
                0x080029d8       0x54 ./Dave/Generated/FREERTOS/list.o
                0x080029d8                uxListRemove
 .text.xQueueGenericReset
                0x08002a2c       0xd0 ./Dave/Generated/FREERTOS/queue.o
                0x08002a2c                xQueueGenericReset
 .text.xQueueGenericCreate
                0x08002afc       0xbc ./Dave/Generated/FREERTOS/queue.o
                0x08002afc                xQueueGenericCreate
 .text.prvInitialiseNewQueue
                0x08002bb8       0x4c ./Dave/Generated/FREERTOS/queue.o
 .text.xQueueGenericSend
                0x08002c04      0x238 ./Dave/Generated/FREERTOS/queue.o
                0x08002c04                xQueueGenericSend
 .text.xQueueGenericSendFromISR
                0x08002e3c      0x17c ./Dave/Generated/FREERTOS/queue.o
                0x08002e3c                xQueueGenericSendFromISR
 .text.xQueueReceive
                0x08002fb8      0x1c0 ./Dave/Generated/FREERTOS/queue.o
                0x08002fb8                xQueueReceive
 .text.prvCopyDataToQueue
                0x08003178       0xd8 ./Dave/Generated/FREERTOS/queue.o
 .text.prvCopyDataFromQueue
                0x08003250       0x4c ./Dave/Generated/FREERTOS/queue.o
 .text.prvUnlockQueue
                0x0800329c       0xbc ./Dave/Generated/FREERTOS/queue.o
 .text.prvIsQueueEmpty
                0x08003358       0x2c ./Dave/Generated/FREERTOS/queue.o
 .text.prvIsQueueFull
                0x08003384       0x30 ./Dave/Generated/FREERTOS/queue.o
 .text.vQueueAddToRegistry
                0x080033b4       0x50 ./Dave/Generated/FREERTOS/queue.o
                0x080033b4                vQueueAddToRegistry
 .text.vQueueWaitForMessageRestricted
                0x08003404       0x6c ./Dave/Generated/FREERTOS/queue.o
                0x08003404                vQueueWaitForMessageRestricted
 .text.prvNotifyQueueSetContainer
                0x08003470       0xcc ./Dave/Generated/FREERTOS/queue.o
 .text.xTaskCreate
                0x0800353c       0x84 ./Dave/Generated/FREERTOS/tasks.o
                0x0800353c                xTaskCreate
 .text.prvInitialiseNewTask
                0x080035c0      0x140 ./Dave/Generated/FREERTOS/tasks.o
 .text.prvAddNewTaskToReadyList
                0x08003700       0xe0 ./Dave/Generated/FREERTOS/tasks.o
 .text.vTaskDelay
                0x080037e0       0x64 ./Dave/Generated/FREERTOS/tasks.o
                0x080037e0                vTaskDelay
 .text.vTaskStartScheduler
                0x08003844       0x9c ./Dave/Generated/FREERTOS/tasks.o
                0x08003844                vTaskStartScheduler
 .text.vTaskSuspendAll
                0x080038e0       0x1c ./Dave/Generated/FREERTOS/tasks.o
                0x080038e0                vTaskSuspendAll
 .text.xTaskResumeAll
                0x080038fc      0x13c ./Dave/Generated/FREERTOS/tasks.o
                0x080038fc                xTaskResumeAll
 .text.xTaskGetTickCount
                0x08003a38       0x20 ./Dave/Generated/FREERTOS/tasks.o
                0x08003a38                xTaskGetTickCount
 .text.xTaskIncrementTick
                0x08003a58      0x174 ./Dave/Generated/FREERTOS/tasks.o
                0x08003a58                xTaskIncrementTick
 .text.vTaskSwitchContext
                0x08003bcc       0xb4 ./Dave/Generated/FREERTOS/tasks.o
                0x08003bcc                vTaskSwitchContext
 .text.vTaskPlaceOnEventList
                0x08003c80       0x44 ./Dave/Generated/FREERTOS/tasks.o
                0x08003c80                vTaskPlaceOnEventList
 .text.vTaskPlaceOnEventListRestricted
                0x08003cc4       0x54 ./Dave/Generated/FREERTOS/tasks.o
                0x08003cc4                vTaskPlaceOnEventListRestricted
 .text.xTaskRemoveFromEventList
                0x08003d18       0xc8 ./Dave/Generated/FREERTOS/tasks.o
                0x08003d18                xTaskRemoveFromEventList
 .text.vTaskInternalSetTimeOutState
                0x08003de0       0x2c ./Dave/Generated/FREERTOS/tasks.o
                0x08003de0                vTaskInternalSetTimeOutState
 .text.xTaskCheckForTimeOut
                0x08003e0c       0xe8 ./Dave/Generated/FREERTOS/tasks.o
                0x08003e0c                xTaskCheckForTimeOut
 .text.vTaskMissedYield
                0x08003ef4       0x18 ./Dave/Generated/FREERTOS/tasks.o
                0x08003ef4                vTaskMissedYield
 .text.prvIdleTask
                0x08003f0c       0x30 ./Dave/Generated/FREERTOS/tasks.o
 .text.prvInitialiseTaskLists
                0x08003f3c       0x7c ./Dave/Generated/FREERTOS/tasks.o
 .text.prvCheckTasksWaitingTermination
                0x08003fb8       0x58 ./Dave/Generated/FREERTOS/tasks.o
 .text.prvDeleteTCB
                0x08004010       0x20 ./Dave/Generated/FREERTOS/tasks.o
 .text.prvResetNextTaskUnblockTime
                0x08004030       0x34 ./Dave/Generated/FREERTOS/tasks.o
 .text.xTaskGetSchedulerState
                0x08004064       0x3c ./Dave/Generated/FREERTOS/tasks.o
                0x08004064                xTaskGetSchedulerState
 .text.xTaskPriorityDisinherit
                0x080040a0       0xf4 ./Dave/Generated/FREERTOS/tasks.o
                0x080040a0                xTaskPriorityDisinherit
 .text.prvAddCurrentTaskToDelayedList
                0x08004194       0xd4 ./Dave/Generated/FREERTOS/tasks.o
 .text.xTimerCreateTimerTask
                0x08004268       0x64 ./Dave/Generated/FREERTOS/timers.o
                0x08004268                xTimerCreateTimerTask
 .text.xTimerGenericCommand
                0x080042cc       0xa4 ./Dave/Generated/FREERTOS/timers.o
                0x080042cc                xTimerGenericCommand
 .text.prvProcessExpiredTimer
                0x08004370       0x98 ./Dave/Generated/FREERTOS/timers.o
 .text.prvTimerTask
                0x08004408       0x24 ./Dave/Generated/FREERTOS/timers.o
 .text.prvProcessTimerOrBlockTask
                0x0800442c       0x9c ./Dave/Generated/FREERTOS/timers.o
 .text.prvGetNextExpireTime
                0x080044c8       0x48 ./Dave/Generated/FREERTOS/timers.o
 .text.prvSampleTimeNow
                0x08004510       0x40 ./Dave/Generated/FREERTOS/timers.o
 .text.prvInsertTimerInActiveList
                0x08004550       0x84 ./Dave/Generated/FREERTOS/timers.o
 .text.prvProcessReceivedCommands
                0x080045d4      0x1c4 ./Dave/Generated/FREERTOS/timers.o
 .text.prvSwitchTimerLists
                0x08004798       0xc4 ./Dave/Generated/FREERTOS/timers.o
 .text.prvCheckForValidListAndQueue
                0x0800485c       0x6c ./Dave/Generated/FREERTOS/timers.o
 .text.DIGITAL_IO_Init
                0x080048c8       0x40 ./Dave/Generated/DIGITAL_IO/digital_io.o
                0x080048c8                DIGITAL_IO_Init
 .text.__NVIC_SetPriorityGrouping
                0x08004908       0x48 ./Dave/Generated/CPU_CTRL_XMC4/cpu_ctrl_xmc4_conf.o
 .text.SystemCoreSetup
                0x08004950       0xa0 ./Dave/Generated/CPU_CTRL_XMC4/cpu_ctrl_xmc4_conf.o
                0x08004950                SystemCoreSetup
 .text.CLOCK_XMC4_Init
                0x080049f0       0x20 ./Dave/Generated/CLOCK_XMC4/clock_xmc4.o
                0x080049f0                CLOCK_XMC4_Init
 .text.OSCHP_GetFrequency
                0x08004a10       0x14 ./Dave/Generated/CLOCK_XMC4/clock_xmc4.o
                0x08004a10                OSCHP_GetFrequency
 .text.XMC_SCU_CLOCK_SetECATClockSource
                0x08004a24       0x28 ./Dave/Generated/CLOCK_XMC4/clock_xmc4_conf.o
 .text.SystemCoreClockSetup
                0x08004a4c       0x60 ./Dave/Generated/CLOCK_XMC4/clock_xmc4_conf.o
                0x08004a4c                SystemCoreClockSetup
 .text.DAVE_Init
                0x08004aac       0x60 ./Dave/Generated/DAVE.o
                0x08004aac                DAVE_Init
 .text.XMC_GPIO_SetOutputHigh
                0x08004b0c       0x20 ./main.o
 .text.XMC_GPIO_SetOutputLow
                0x08004b2c       0x24 ./main.o
 .text.DIGITAL_IO_SetOutputHigh
                0x08004b50       0x20 ./main.o
 .text.DIGITAL_IO_SetOutputLow
                0x08004b70       0x20 ./main.o
 .text.XMC_SPI_CH_GetStatusFlag
                0x08004b90       0x18 ./main.o
 .text.SPI_MASTER_GetFlagStatus
                0x08004ba8       0x24 ./main.o
 .text.SPI_MASTER_IsTxBusy
                0x08004bcc       0x20 ./main.o
 .text.main     0x08004bec       0x38 ./main.o
                0x08004bec                main
 .text.imu_init
                0x08004c24      0x1c8 ./main.o
                0x08004c24                imu_init
 .text.prvSendSPI
                0x08004dec       0x8c ./main.o
 .text.__errno  0x08004e78        0xc c:/dave-ide-4.4.2-64bit/eclipse/arm-gcc-49/bin/../lib/gcc/arm-none-eabi/4.9.3/../../../../arm-none-eabi/lib/armv7e-m/softfp\libg_nano.a(lib_a-errno.o)
                0x08004e78                __errno
 .text.__libc_init_array
                0x08004e84       0x4c c:/dave-ide-4.4.2-64bit/eclipse/arm-gcc-49/bin/../lib/gcc/arm-none-eabi/4.9.3/../../../../arm-none-eabi/lib/armv7e-m/softfp\libg_nano.a(lib_a-init.o)
                0x08004e84                __libc_init_array
 .text.malloc   0x08004ed0       0x10 c:/dave-ide-4.4.2-64bit/eclipse/arm-gcc-49/bin/../lib/gcc/arm-none-eabi/4.9.3/../../../../arm-none-eabi/lib/armv7e-m/softfp\libg_nano.a(lib_a-malloc.o)
                0x08004ed0                malloc
 .text.free     0x08004ee0       0x10 c:/dave-ide-4.4.2-64bit/eclipse/arm-gcc-49/bin/../lib/gcc/arm-none-eabi/4.9.3/../../../../arm-none-eabi/lib/armv7e-m/softfp\libg_nano.a(lib_a-malloc.o)
                0x08004ee0                free
 .text.memcpy   0x08004ef0       0x16 c:/dave-ide-4.4.2-64bit/eclipse/arm-gcc-49/bin/../lib/gcc/arm-none-eabi/4.9.3/../../../../arm-none-eabi/lib/armv7e-m/softfp\libg_nano.a(lib_a-memcpy.o)
                0x08004ef0                memcpy
 .text.memset   0x08004f06       0x10 c:/dave-ide-4.4.2-64bit/eclipse/arm-gcc-49/bin/../lib/gcc/arm-none-eabi/4.9.3/../../../../arm-none-eabi/lib/armv7e-m/softfp\libg_nano.a(lib_a-memset.o)
                0x08004f06                memset
 *fill*         0x08004f16        0x2 
 .text._free_r  0x08004f18       0x88 c:/dave-ide-4.4.2-64bit/eclipse/arm-gcc-49/bin/../lib/gcc/arm-none-eabi/4.9.3/../../../../arm-none-eabi/lib/armv7e-m/softfp\libg_nano.a(lib_a-nano-freer.o)
                0x08004f18                _free_r
 .text._malloc_r
                0x08004fa0       0xac c:/dave-ide-4.4.2-64bit/eclipse/arm-gcc-49/bin/../lib/gcc/arm-none-eabi/4.9.3/../../../../arm-none-eabi/lib/armv7e-m/softfp\libg_nano.a(lib_a-nano-mallocr.o)
                0x08004fa0                _malloc_r
 .text._sbrk_r  0x0800504c       0x20 c:/dave-ide-4.4.2-64bit/eclipse/arm-gcc-49/bin/../lib/gcc/arm-none-eabi/4.9.3/../../../../arm-none-eabi/lib/armv7e-m/softfp\libg_nano.a(lib_a-sbrkr.o)
                0x0800504c                _sbrk_r
 *(.init)
 *(.fini)
 *crtbegin.o(.ctors)
 *crtbegin?.o(.ctors)
 *(EXCLUDE_FILE(*crtend.o *crtend?.o) .ctors)
 *(SORT(.ctors.*))
 *(.ctors)
 *crtbegin.o(.dtors)
 *crtbegin?.o(.dtors)
 *(EXCLUDE_FILE(*crtend.o *crtend?.o) .dtors)
 *(SORT(.dtors.*))
 *(.dtors)
 *(.rodata .rodata.*)
 .rodata.SPI_MASTER_0_MOSI
                0x0800506c        0x8 ./Dave/Generated/SPI_MASTER/spi_master_conf.o
                0x0800506c                SPI_MASTER_0_MOSI
 .rodata.SPI_MASTER_0_MISO
                0x08005074        0x8 ./Dave/Generated/SPI_MASTER/spi_master_conf.o
                0x08005074                SPI_MASTER_0_MISO
 .rodata.SPI_MASTER_0_SCLKOUT
                0x0800507c        0x8 ./Dave/Generated/SPI_MASTER/spi_master_conf.o
                0x0800507c                SPI_MASTER_0_SCLKOUT
 .rodata.SPI_MASTER_0_SCLKOUT_Config
                0x08005084       0x14 ./Dave/Generated/SPI_MASTER/spi_master_conf.o
                0x08005084                SPI_MASTER_0_SCLKOUT_Config
 .rodata.SPI_MASTER_0_Config
                0x08005098       0x8c ./Dave/Generated/SPI_MASTER/spi_master_conf.o
                0x08005098                SPI_MASTER_0_Config
 .rodata        0x08005124       0x18 ./Dave/Generated/FREERTOS/tasks.o
 .rodata        0x0800513c       0x10 ./Dave/Generated/FREERTOS/timers.o
 .rodata.TESTPIN
                0x0800514c       0x14 ./Dave/Generated/DIGITAL_IO/digital_io_conf.o
                0x0800514c                TESTPIN
 .rodata        0x08005160       0x14 ./Dave/Generated/CLOCK_XMC4/clock_xmc4_conf.o
 .rodata        0x08005174        0x4 ./main.o
 .rodata.str1.1
                0x08005178        0x2 c:/dave-ide-4.4.2-64bit/eclipse/arm-gcc-49/bin/../lib/gcc/arm-none-eabi/4.9.3/../../../../arm-none-eabi/lib/armv7e-m/softfp\libg_nano.a(lib_a-impure.o)
 *(.gnu.linkonce.r*)
 *(vtable)
                0x0800517c                . = ALIGN (0x4)
 *fill*         0x0800517a        0x2 

.glue_7         0x0800517c        0x0 load address 0x0c00517c
 .glue_7        0x00000000        0x0 linker stubs

.glue_7t        0x0800517c        0x0 load address 0x0c00517c
 .glue_7t       0x00000000        0x0 linker stubs

.vfp11_veneer   0x0800517c        0x0 load address 0x0c00517c
 .vfp11_veneer  0x00000000        0x0 linker stubs

.v4_bx          0x0800517c        0x0 load address 0x0c00517c
 .v4_bx         0x00000000        0x0 linker stubs

.iplt           0x0800517c        0x0 load address 0x0c00517c
 .iplt          0x00000000        0x0 ./source/ICM-42688-P/ICM-42688-P.o

.rel.dyn        0x0800517c        0x0 load address 0x0c00517c
 .rel.iplt      0x00000000        0x0 ./source/ICM-42688-P/ICM-42688-P.o

.eh_frame_hdr
 *(.eh_frame_hdr)

.eh_frame
 *(.eh_frame)

.ARM.extab
 *(.ARM.extab* .gnu.linkonce.armextab.*)
                0x0800517c                . = ALIGN (0x4)
                0x0800517c                __exidx_start = .

.ARM.exidx
 *(.ARM.exidx* .gnu.linkonce.armexidx.*)
                0x0800517c                __exidx_end = .
                0x0800517c                . = ALIGN (0x4)

Stack           0x1fff0000      0x800
                0x1fff0000                __stack_start = .
                0x1fff0800                . = (. + stack_size)
 *fill*         0x1fff0000      0x800 
                0x1fff0800                __stack_end = .
                0x1fff0800                __initial_sp = .

.ram_code       0x1fff0800        0x0 load address 0x0c00517c
                0x1fff0800                . = ALIGN (0x4)
                0x1fff0800                __ram_code_start = .
 *(.ram_code)
                0x1fff0800                . = ALIGN (0x4)
                0x1fff0800                __ram_code_end = .
                0x0c00517c                __ram_code_load = LOADADDR (.ram_code)
                0x00000000                __ram_code_size = (__ram_code_end - __ram_code_start)

.data           0x1fff0800       0xcc load address 0x0c00517c
                0x1fff0800                . = ALIGN (0x4)
                0x1fff0800                __data_start = .
 *(.data)
 *(.data*)
 .data.SPI_MASTER_0_MOSI_Config
                0x1fff0800       0x14 ./Dave/Generated/SPI_MASTER/spi_master_conf.o
                0x1fff0800                SPI_MASTER_0_MOSI_Config
 .data.SPI_MASTER_0_Channel_Config
                0x1fff0814        0xc ./Dave/Generated/SPI_MASTER/spi_master_conf.o
                0x1fff0814                SPI_MASTER_0_Channel_Config
 .data.SPI_MASTER_0_runtime
                0x1fff0820       0x24 ./Dave/Generated/SPI_MASTER/spi_master_conf.o
                0x1fff0820                SPI_MASTER_0_runtime
 .data.SPI_MASTER_0
                0x1fff0844        0xc ./Dave/Generated/SPI_MASTER/spi_master_conf.o
                0x1fff0844                SPI_MASTER_0
 .data.GLOBAL_CCU4_0
                0x1fff0850       0x10 ./Dave/Generated/GLOBAL_CCU4/global_ccu4_conf.o
                0x1fff0850                GLOBAL_CCU4_0
 .data.uxCriticalNesting
                0x1fff0860        0x4 ./Dave/Generated/FREERTOS/portable/GCC/port.o
 .data.uxTopUsedPriority
                0x1fff0864        0x4 ./Dave/Generated/FREERTOS/tasks.o
                0x1fff0864                uxTopUsedPriority
 .data.impure_data
                0x1fff0868       0x60 c:/dave-ide-4.4.2-64bit/eclipse/arm-gcc-49/bin/../lib/gcc/arm-none-eabi/4.9.3/../../../../arm-none-eabi/lib/armv7e-m/softfp\libg_nano.a(lib_a-impure.o)
 .data._impure_ptr
                0x1fff08c8        0x4 c:/dave-ide-4.4.2-64bit/eclipse/arm-gcc-49/bin/../lib/gcc/arm-none-eabi/4.9.3/../../../../arm-none-eabi/lib/armv7e-m/softfp\libg_nano.a(lib_a-impure.o)
                0x1fff08c8                _impure_ptr
 *(*.data)
 *(.gnu.linkonce.d*)
                0x1fff08cc                . = ALIGN (0x4)
                0x1fff08cc                PROVIDE (__preinit_array_start, .)
 *(.preinit_array)
                0x1fff08cc                PROVIDE (__preinit_array_end, .)
                0x1fff08cc                . = ALIGN (0x4)
                0x1fff08cc                PROVIDE (__init_array_start, .)
 *(SORT(.init_array.*))
 *(.init_array)
                0x1fff08cc                PROVIDE (__init_array_end, .)
                0x1fff08cc                . = ALIGN (0x4)
                0x1fff08cc                PROVIDE (__fini_array_start, .)
 *(SORT(.fini_array.*))
 *(.fini_array)
                0x1fff08cc                PROVIDE (__fini_array_end, .)
                0x1fff08cc                . = ALIGN (0x4)
                0x1fff08cc                __data_end = .
                0x0c00517c                __data_load = LOADADDR (.data)
                0x000000cc                __data_size = (__data_end - __data_start)
                0x00005248                __text_size = (((__exidx_end - sText) + __data_size) + __ram_code_size)
                0x08005248                eText = (sText + __text_size)

.igot.plt       0x1fff08cc        0x0 load address 0x0c005248
 .igot.plt      0x00000000        0x0 ./source/ICM-42688-P/ICM-42688-P.o

.bss            0x1fff08cc      0x1b0 load address 0x0c005248
                0x1fff08cc                . = ALIGN (0x4)
                0x1fff08cc                __bss_start = .
 *(.bss)
 *(.bss*)
 .bss.heap_ptr.4331
                0x1fff08cc        0x4 ./Libraries/Newlib/syscalls.o
 .bss.SPI_MASTER_0_MISO_Config
                0x1fff08d0       0x14 ./Dave/Generated/SPI_MASTER/spi_master_conf.o
                0x1fff08d0                SPI_MASTER_0_MISO_Config
 .bss.ucMaxSysCallPriority
                0x1fff08e4        0x1 ./Dave/Generated/FREERTOS/portable/GCC/port.o
 *fill*         0x1fff08e5        0x3 
 .bss.ulMaxPRIGROUPValue
                0x1fff08e8        0x4 ./Dave/Generated/FREERTOS/portable/GCC/port.o
 .bss.pxCurrentTCB
                0x1fff08ec        0x4 ./Dave/Generated/FREERTOS/tasks.o
                0x1fff08ec                pxCurrentTCB
 .bss.pxReadyTasksLists
                0x1fff08f0       0x64 ./Dave/Generated/FREERTOS/tasks.o
 .bss.xDelayedTaskList1
                0x1fff0954       0x14 ./Dave/Generated/FREERTOS/tasks.o
 .bss.xDelayedTaskList2
                0x1fff0968       0x14 ./Dave/Generated/FREERTOS/tasks.o
 .bss.pxDelayedTaskList
                0x1fff097c        0x4 ./Dave/Generated/FREERTOS/tasks.o
 .bss.pxOverflowDelayedTaskList
                0x1fff0980        0x4 ./Dave/Generated/FREERTOS/tasks.o
 .bss.xPendingReadyList
                0x1fff0984       0x14 ./Dave/Generated/FREERTOS/tasks.o
 .bss.xTasksWaitingTermination
                0x1fff0998       0x14 ./Dave/Generated/FREERTOS/tasks.o
 .bss.uxDeletedTasksWaitingCleanUp
                0x1fff09ac        0x4 ./Dave/Generated/FREERTOS/tasks.o
 .bss.xSuspendedTaskList
                0x1fff09b0       0x14 ./Dave/Generated/FREERTOS/tasks.o
 .bss.uxCurrentNumberOfTasks
                0x1fff09c4        0x4 ./Dave/Generated/FREERTOS/tasks.o
 .bss.xTickCount
                0x1fff09c8        0x4 ./Dave/Generated/FREERTOS/tasks.o
 .bss.uxTopReadyPriority
                0x1fff09cc        0x4 ./Dave/Generated/FREERTOS/tasks.o
 .bss.xSchedulerRunning
                0x1fff09d0        0x4 ./Dave/Generated/FREERTOS/tasks.o
 .bss.xPendedTicks
                0x1fff09d4        0x4 ./Dave/Generated/FREERTOS/tasks.o
 .bss.xYieldPending
                0x1fff09d8        0x4 ./Dave/Generated/FREERTOS/tasks.o
 .bss.xNumOfOverflows
                0x1fff09dc        0x4 ./Dave/Generated/FREERTOS/tasks.o
 .bss.uxTaskNumber
                0x1fff09e0        0x4 ./Dave/Generated/FREERTOS/tasks.o
 .bss.xNextTaskUnblockTime
                0x1fff09e4        0x4 ./Dave/Generated/FREERTOS/tasks.o
 .bss.xIdleTaskHandle
                0x1fff09e8        0x4 ./Dave/Generated/FREERTOS/tasks.o
 .bss.uxSchedulerSuspended
                0x1fff09ec        0x4 ./Dave/Generated/FREERTOS/tasks.o
 .bss.xActiveTimerList1
                0x1fff09f0       0x14 ./Dave/Generated/FREERTOS/timers.o
 .bss.xActiveTimerList2
                0x1fff0a04       0x14 ./Dave/Generated/FREERTOS/timers.o
 .bss.pxCurrentTimerList
                0x1fff0a18        0x4 ./Dave/Generated/FREERTOS/timers.o
 .bss.pxOverflowTimerList
                0x1fff0a1c        0x4 ./Dave/Generated/FREERTOS/timers.o
 .bss.xTimerQueue
                0x1fff0a20        0x4 ./Dave/Generated/FREERTOS/timers.o
 .bss.xTimerTaskHandle
                0x1fff0a24        0x4 ./Dave/Generated/FREERTOS/timers.o
 .bss.xLastTime.7675
                0x1fff0a28        0x4 ./Dave/Generated/FREERTOS/timers.o
 .bss.CLOCK_XMC4_0
                0x1fff0a2c        0x4 ./Dave/Generated/CLOCK_XMC4/clock_xmc4_conf.o
                0x1fff0a2c                CLOCK_XMC4_0
 .bss.__malloc_sbrk_start
                0x1fff0a30        0x4 c:/dave-ide-4.4.2-64bit/eclipse/arm-gcc-49/bin/../lib/gcc/arm-none-eabi/4.9.3/../../../../arm-none-eabi/lib/armv7e-m/softfp\libg_nano.a(lib_a-nano-mallocr.o)
                0x1fff0a30                __malloc_sbrk_start
 .bss.__malloc_free_list
                0x1fff0a34        0x4 c:/dave-ide-4.4.2-64bit/eclipse/arm-gcc-49/bin/../lib/gcc/arm-none-eabi/4.9.3/../../../../arm-none-eabi/lib/armv7e-m/softfp\libg_nano.a(lib_a-nano-mallocr.o)
                0x1fff0a34                __malloc_free_list
 *(COMMON)
 COMMON         0x1fff0a38       0x40 ./Dave/Generated/FREERTOS/queue.o
                0x1fff0a38                xQueueRegistry
 COMMON         0x1fff0a78        0x4 c:/dave-ide-4.4.2-64bit/eclipse/arm-gcc-49/bin/../lib/gcc/arm-none-eabi/4.9.3/../../../../arm-none-eabi/lib/armv7e-m/softfp\libg_nano.a(lib_a-reent.o)
                0x1fff0a78                errno
 *(.gnu.linkonce.b*)
                0x1fff0a7c                . = ALIGN (0x4)
                0x1fff0a7c                __bss_end = .
                0x000001b0                __bss_size = (__bss_end - __bss_start)
                0x0000f584                __shift_loc = (__bss_end >= ORIGIN (DSRAM_1_system))?0x0:(ORIGIN (DSRAM_1_system) - __bss_end)

USB_RAM         0x20000000        0x0
                0x20000000                . = ALIGN (0x4)
                0x20000000                USB_RAM_start = .
 *(USB_RAM)
                0x20000000                . = ALIGN (0x4)
                0x20000000                USB_RAM_end = .
                0x00000000                USB_RAM_size = (USB_RAM_end - USB_RAM_start)

ETH_RAM         0x20000000        0x0
                0x20000000                . = ALIGN (0x4)
                0x20000000                ETH_RAM_start = .
 *(ETH_RAM)
                0x20000000                . = ALIGN (0x4)
                0x20000000                ETH_RAM_end = .
                0x20000000                . = ALIGN (0x8)
                0x20000000                Heap_Bank1_Start = .
                0x00000000                ETH_RAM_size = (ETH_RAM_end - ETH_RAM_start)

.no_init        0x2000ffc0       0x14
                0x2000ffc0                Heap_Bank1_End = .
 *(.no_init)
 .no_init       0x2000ffc0       0x14 ./Startup/system_XMC4300.o
                0x2000ffc0                SystemCoreClock
                0x2000ffc4                g_chipid
                0x0000ffc0                Heap_Bank1_Size = (Heap_Bank1_End - Heap_Bank1_Start)
                0x00000001                ASSERT ((Heap_Bank1_Start <= Heap_Bank1_End), region SRAM_combined overflowed no_init section)

/DISCARD/
 *(.comment)

.stab
 *(.stab)

.stabstr
 *(.stabstr)

.debug
 *(.debug)

.line
 *(.line)

.debug_srcinfo
 *(.debug_srcinfo)

.debug_sfnames
 *(.debug_sfnames)

.debug_aranges  0x00000000     0x10b0
 *(.debug_aranges)
 .debug_aranges
                0x00000000       0x20 ./Startup/startup_XMC4300.o
 .debug_aranges
                0x00000020       0x48 ./Startup/system_XMC4300.o
 .debug_aranges
                0x00000068       0x28 ./Libraries/XMCLib/src/xmc4_gpio.o
 .debug_aranges
                0x00000090      0x3e8 ./Libraries/XMCLib/src/xmc4_scu.o
 .debug_aranges
                0x00000478      0x138 ./Libraries/XMCLib/src/xmc_ccu4.o
 .debug_aranges
                0x000005b0       0x28 ./Libraries/XMCLib/src/xmc_gpio.o
 .debug_aranges
                0x000005d8       0x88 ./Libraries/XMCLib/src/xmc_spi.o
 .debug_aranges
                0x00000660       0xb8 ./Libraries/XMCLib/src/xmc_usic.o
 .debug_aranges
                0x00000718       0x28 ./Libraries/Newlib/syscalls.o
 .debug_aranges
                0x00000740      0x180 ./Dave/Generated/SPI_MASTER/spi_master.o
 .debug_aranges
                0x000008c0       0xc0 ./Dave/Generated/SPI_MASTER/spi_master_conf.o
 .debug_aranges
                0x00000980       0x30 ./Dave/Generated/GLOBAL_CCU4/global_ccu4.o
 .debug_aranges
                0x000009b0       0x18 ./Dave/Generated/GLOBAL_CCU4/global_ccu4_conf.o
 .debug_aranges
                0x000009c8       0x80 ./Dave/Generated/FREERTOS/portable/GCC/port.o
 .debug_aranges
                0x00000a48       0x28 ./Dave/Generated/FREERTOS/heap.o
 .debug_aranges
                0x00000a70       0x40 ./Dave/Generated/FREERTOS/list.o
 .debug_aranges
                0x00000ab0      0x170 ./Dave/Generated/FREERTOS/queue.o
 .debug_aranges
                0x00000c20      0x240 ./Dave/Generated/FREERTOS/tasks.o
 .debug_aranges
                0x00000e60       0xe8 ./Dave/Generated/FREERTOS/timers.o
 .debug_aranges
                0x00000f48       0x28 ./Dave/Generated/DIGITAL_IO/digital_io.o
 .debug_aranges
                0x00000f70       0x18 ./Dave/Generated/DIGITAL_IO/digital_io_conf.o
 .debug_aranges
                0x00000f88       0x28 ./Dave/Generated/CPU_CTRL_XMC4/cpu_ctrl_xmc4_conf.o
 .debug_aranges
                0x00000fb0       0x38 ./Dave/Generated/CLOCK_XMC4/clock_xmc4.o
 .debug_aranges
                0x00000fe8       0x28 ./Dave/Generated/CLOCK_XMC4/clock_xmc4_conf.o
 .debug_aranges
                0x00001010       0x20 ./Dave/Generated/DAVE.o
 .debug_aranges
                0x00001030       0x80 ./main.o

.debug_pubnames
 *(.debug_pubnames)

.debug_pubtypes
 *(.debug_pubtypes)

.debug_info     0x00000000    0x1493d
 *(.debug_info .gnu.linkonce.wi.*)
 .debug_info    0x00000000       0x71 ./Startup/startup_XMC4300.o
 .debug_info    0x00000071      0x9e8 ./Startup/system_XMC4300.o
 .debug_info    0x00000a59      0x4dd ./Libraries/XMCLib/src/xmc4_gpio.o
 .debug_info    0x00000f36     0x2366 ./Libraries/XMCLib/src/xmc4_scu.o
 .debug_info    0x0000329c     0x1713 ./Libraries/XMCLib/src/xmc_ccu4.o
 .debug_info    0x000049af      0x458 ./Libraries/XMCLib/src/xmc_gpio.o
 .debug_info    0x00004e07      0xb61 ./Libraries/XMCLib/src/xmc_spi.o
 .debug_info    0x00005968      0xf1c ./Libraries/XMCLib/src/xmc_usic.o
 .debug_info    0x00006884      0x11f ./Libraries/Newlib/syscalls.o
 .debug_info    0x000069a3     0x1d44 ./Dave/Generated/SPI_MASTER/spi_master.o
 .debug_info    0x000086e7     0x1a25 ./Dave/Generated/SPI_MASTER/spi_master_conf.o
 .debug_info    0x0000a10c      0x427 ./Dave/Generated/GLOBAL_CCU4/global_ccu4.o
 .debug_info    0x0000a533      0x327 ./Dave/Generated/GLOBAL_CCU4/global_ccu4_conf.o
 .debug_info    0x0000a85a      0x653 ./Dave/Generated/FREERTOS/portable/GCC/port.o
 .debug_info    0x0000aead      0x1e6 ./Dave/Generated/FREERTOS/heap.o
 .debug_info    0x0000b093      0x3c1 ./Dave/Generated/FREERTOS/list.o
 .debug_info    0x0000b454     0x1cea ./Dave/Generated/FREERTOS/queue.o
 .debug_info    0x0000d13e     0x2794 ./Dave/Generated/FREERTOS/tasks.o
 .debug_info    0x0000f8d2     0x100f ./Dave/Generated/FREERTOS/timers.o
 .debug_info    0x000108e1      0x597 ./Dave/Generated/DIGITAL_IO/digital_io.o
 .debug_info    0x00010e78      0x4d2 ./Dave/Generated/DIGITAL_IO/digital_io_conf.o
 .debug_info    0x0001134a      0x52e ./Dave/Generated/CPU_CTRL_XMC4/cpu_ctrl_xmc4_conf.o
 .debug_info    0x00011878      0x2dd ./Dave/Generated/CLOCK_XMC4/clock_xmc4.o
 .debug_info    0x00011b55      0x62c ./Dave/Generated/CLOCK_XMC4/clock_xmc4_conf.o
 .debug_info    0x00012181     0x10fd ./Dave/Generated/DAVE.o
 .debug_info    0x0001327e     0x16bf ./main.o

.debug_abbrev   0x00000000     0x2df0
 *(.debug_abbrev)
 .debug_abbrev  0x00000000       0x14 ./Startup/startup_XMC4300.o
 .debug_abbrev  0x00000014      0x1f1 ./Startup/system_XMC4300.o
 .debug_abbrev  0x00000205      0x144 ./Libraries/XMCLib/src/xmc4_gpio.o
 .debug_abbrev  0x00000349      0x2a3 ./Libraries/XMCLib/src/xmc4_scu.o
 .debug_abbrev  0x000005ec      0x232 ./Libraries/XMCLib/src/xmc_ccu4.o
 .debug_abbrev  0x0000081e      0x144 ./Libraries/XMCLib/src/xmc_gpio.o
 .debug_abbrev  0x00000962      0x279 ./Libraries/XMCLib/src/xmc_spi.o
 .debug_abbrev  0x00000bdb      0x24c ./Libraries/XMCLib/src/xmc_usic.o
 .debug_abbrev  0x00000e27       0xbd ./Libraries/Newlib/syscalls.o
 .debug_abbrev  0x00000ee4      0x287 ./Dave/Generated/SPI_MASTER/spi_master.o
 .debug_abbrev  0x0000116b      0x27b ./Dave/Generated/SPI_MASTER/spi_master_conf.o
 .debug_abbrev  0x000013e6      0x196 ./Dave/Generated/GLOBAL_CCU4/global_ccu4.o
 .debug_abbrev  0x0000157c      0x124 ./Dave/Generated/GLOBAL_CCU4/global_ccu4_conf.o
 .debug_abbrev  0x000016a0      0x254 ./Dave/Generated/FREERTOS/portable/GCC/port.o
 .debug_abbrev  0x000018f4      0x112 ./Dave/Generated/FREERTOS/heap.o
 .debug_abbrev  0x00001a06      0x112 ./Dave/Generated/FREERTOS/list.o
 .debug_abbrev  0x00001b18      0x272 ./Dave/Generated/FREERTOS/queue.o
 .debug_abbrev  0x00001d8a      0x2d4 ./Dave/Generated/FREERTOS/tasks.o
 .debug_abbrev  0x0000205e      0x263 ./Dave/Generated/FREERTOS/timers.o
 .debug_abbrev  0x000022c1      0x171 ./Dave/Generated/DIGITAL_IO/digital_io.o
 .debug_abbrev  0x00002432      0x126 ./Dave/Generated/DIGITAL_IO/digital_io_conf.o
 .debug_abbrev  0x00002558      0x1b4 ./Dave/Generated/CPU_CTRL_XMC4/cpu_ctrl_xmc4_conf.o
 .debug_abbrev  0x0000270c      0x13d ./Dave/Generated/CLOCK_XMC4/clock_xmc4.o
 .debug_abbrev  0x00002849      0x168 ./Dave/Generated/CLOCK_XMC4/clock_xmc4_conf.o
 .debug_abbrev  0x000029b1      0x1b1 ./Dave/Generated/DAVE.o
 .debug_abbrev  0x00002b62      0x28e ./main.o

.debug_line     0x00000000     0x75de
 *(.debug_line)
 .debug_line    0x00000000       0x87 ./Startup/startup_XMC4300.o
 .debug_line    0x00000087      0x304 ./Startup/system_XMC4300.o
 .debug_line    0x0000038b      0x1db ./Libraries/XMCLib/src/xmc4_gpio.o
 .debug_line    0x00000566      0xdd9 ./Libraries/XMCLib/src/xmc4_scu.o
 .debug_line    0x0000133f      0x5cb ./Libraries/XMCLib/src/xmc_ccu4.o
 .debug_line    0x0000190a      0x1c8 ./Libraries/XMCLib/src/xmc_gpio.o
 .debug_line    0x00001ad2      0x388 ./Libraries/XMCLib/src/xmc_spi.o
 .debug_line    0x00001e5a      0x4ce ./Libraries/XMCLib/src/xmc_usic.o
 .debug_line    0x00002328       0xba ./Libraries/Newlib/syscalls.o
 .debug_line    0x000023e2      0x7fc ./Dave/Generated/SPI_MASTER/spi_master.o
 .debug_line    0x00002bde      0x43a ./Dave/Generated/SPI_MASTER/spi_master_conf.o
 .debug_line    0x00003018      0x2b8 ./Dave/Generated/GLOBAL_CCU4/global_ccu4.o
 .debug_line    0x000032d0      0x235 ./Dave/Generated/GLOBAL_CCU4/global_ccu4_conf.o
 .debug_line    0x00003505      0x47c ./Dave/Generated/FREERTOS/portable/GCC/port.o
 .debug_line    0x00003981      0x1cf ./Dave/Generated/FREERTOS/heap.o
 .debug_line    0x00003b50      0x230 ./Dave/Generated/FREERTOS/list.o
 .debug_line    0x00003d80      0xd6a ./Dave/Generated/FREERTOS/queue.o
 .debug_line    0x00004aea     0x115f ./Dave/Generated/FREERTOS/tasks.o
 .debug_line    0x00005c49      0x627 ./Dave/Generated/FREERTOS/timers.o
 .debug_line    0x00006270      0x227 ./Dave/Generated/DIGITAL_IO/digital_io.o
 .debug_line    0x00006497      0x1bc ./Dave/Generated/DIGITAL_IO/digital_io_conf.o
 .debug_line    0x00006653      0x235 ./Dave/Generated/CPU_CTRL_XMC4/cpu_ctrl_xmc4_conf.o
 .debug_line    0x00006888      0x25d ./Dave/Generated/CLOCK_XMC4/clock_xmc4.o
 .debug_line    0x00006ae5      0x256 ./Dave/Generated/CLOCK_XMC4/clock_xmc4_conf.o
 .debug_line    0x00006d3b      0x37b ./Dave/Generated/DAVE.o
 .debug_line    0x000070b6      0x528 ./main.o

.debug_frame    0x00000000     0x4898
 *(.debug_frame)
 .debug_frame   0x00000000       0xec ./Startup/system_XMC4300.o
 .debug_frame   0x000000ec       0x60 ./Libraries/XMCLib/src/xmc4_gpio.o
 .debug_frame   0x0000014c     0x125c ./Libraries/XMCLib/src/xmc4_scu.o
 .debug_frame   0x000013a8      0x5b0 ./Libraries/XMCLib/src/xmc_ccu4.o
 .debug_frame   0x00001958       0x60 ./Libraries/XMCLib/src/xmc_gpio.o
 .debug_frame   0x000019b8      0x240 ./Libraries/XMCLib/src/xmc_spi.o
 .debug_frame   0x00001bf8      0x330 ./Libraries/XMCLib/src/xmc_usic.o
 .debug_frame   0x00001f28       0x5c ./Libraries/Newlib/syscalls.o
 .debug_frame   0x00001f84      0x71c ./Dave/Generated/SPI_MASTER/spi_master.o
 .debug_frame   0x000026a0      0x33c ./Dave/Generated/SPI_MASTER/spi_master_conf.o
 .debug_frame   0x000029dc       0x88 ./Dave/Generated/GLOBAL_CCU4/global_ccu4.o
 .debug_frame   0x00002a64      0x1b4 ./Dave/Generated/FREERTOS/portable/GCC/port.o
 .debug_frame   0x00002c18       0x60 ./Dave/Generated/FREERTOS/heap.o
 .debug_frame   0x00002c78       0xd8 ./Dave/Generated/FREERTOS/list.o
 .debug_frame   0x00002d50      0x6cc ./Dave/Generated/FREERTOS/queue.o
 .debug_frame   0x0000341c      0xac4 ./Dave/Generated/FREERTOS/tasks.o
 .debug_frame   0x00003ee0      0x40c ./Dave/Generated/FREERTOS/timers.o
 .debug_frame   0x000042ec       0x60 ./Dave/Generated/DIGITAL_IO/digital_io.o
 .debug_frame   0x0000434c       0x60 ./Dave/Generated/CPU_CTRL_XMC4/cpu_ctrl_xmc4_conf.o
 .debug_frame   0x000043ac       0xac ./Dave/Generated/CLOCK_XMC4/clock_xmc4.o
 .debug_frame   0x00004458       0x64 ./Dave/Generated/CLOCK_XMC4/clock_xmc4_conf.o
 .debug_frame   0x000044bc       0x38 ./Dave/Generated/DAVE.o
 .debug_frame   0x000044f4      0x200 ./main.o
 .debug_frame   0x000046f4       0x20 c:/dave-ide-4.4.2-64bit/eclipse/arm-gcc-49/bin/../lib/gcc/arm-none-eabi/4.9.3/../../../../arm-none-eabi/lib/armv7e-m/softfp\libg_nano.a(lib_a-errno.o)
 .debug_frame   0x00004714       0x2c c:/dave-ide-4.4.2-64bit/eclipse/arm-gcc-49/bin/../lib/gcc/arm-none-eabi/4.9.3/../../../../arm-none-eabi/lib/armv7e-m/softfp\libg_nano.a(lib_a-init.o)
 .debug_frame   0x00004740       0x30 c:/dave-ide-4.4.2-64bit/eclipse/arm-gcc-49/bin/../lib/gcc/arm-none-eabi/4.9.3/../../../../arm-none-eabi/lib/armv7e-m/softfp\libg_nano.a(lib_a-malloc.o)
 .debug_frame   0x00004770       0x28 c:/dave-ide-4.4.2-64bit/eclipse/arm-gcc-49/bin/../lib/gcc/arm-none-eabi/4.9.3/../../../../arm-none-eabi/lib/armv7e-m/softfp\libg_nano.a(lib_a-memcpy.o)
 .debug_frame   0x00004798       0x20 c:/dave-ide-4.4.2-64bit/eclipse/arm-gcc-49/bin/../lib/gcc/arm-none-eabi/4.9.3/../../../../arm-none-eabi/lib/armv7e-m/softfp\libg_nano.a(lib_a-memset.o)
 .debug_frame   0x000047b8       0x2c c:/dave-ide-4.4.2-64bit/eclipse/arm-gcc-49/bin/../lib/gcc/arm-none-eabi/4.9.3/../../../../arm-none-eabi/lib/armv7e-m/softfp\libg_nano.a(lib_a-nano-freer.o)
 .debug_frame   0x000047e4       0x2c c:/dave-ide-4.4.2-64bit/eclipse/arm-gcc-49/bin/../lib/gcc/arm-none-eabi/4.9.3/../../../../arm-none-eabi/lib/armv7e-m/softfp\libg_nano.a(lib_a-nano-mallocr.o)
 .debug_frame   0x00004810       0x2c c:/dave-ide-4.4.2-64bit/eclipse/arm-gcc-49/bin/../lib/gcc/arm-none-eabi/4.9.3/../../../../arm-none-eabi/lib/armv7e-m/softfp\libg_nano.a(lib_a-sbrkr.o)
 .debug_frame   0x0000483c       0x5c c:/dave-ide-4.4.2-64bit/eclipse/arm-gcc-49/bin/../lib/gcc/arm-none-eabi/4.9.3/../../../../arm-none-eabi/lib/armv7e-m/softfp\libg_nano.a(lib_a-reent.o)

.debug_str      0x00000000     0x9b39
 *(.debug_str)
 .debug_str     0x00000000      0x5ae ./Startup/system_XMC4300.o
                                0x625 (size before relaxing)
 .debug_str     0x000005ae      0x544 ./Libraries/XMCLib/src/xmc4_gpio.o
                                0x7d0 (size before relaxing)
 .debug_str     0x00000af2     0x2167 ./Libraries/XMCLib/src/xmc4_scu.o
                               0x26bb (size before relaxing)
 .debug_str     0x00002c59     0x150e ./Libraries/XMCLib/src/xmc_ccu4.o
                               0x1cbd (size before relaxing)
 .debug_str     0x00004167       0xca ./Libraries/XMCLib/src/xmc_gpio.o
                                0x67e (size before relaxing)
 .debug_str     0x00004231      0xaf3 ./Libraries/XMCLib/src/xmc_spi.o
                                0xdbd (size before relaxing)
 .debug_str     0x00004d24      0xb02 ./Libraries/XMCLib/src/xmc_usic.o
                               0x13d3 (size before relaxing)
 .debug_str     0x00005826       0x6f ./Libraries/Newlib/syscalls.o
                                0x20c (size before relaxing)
 .debug_str     0x00005895     0x13be ./Dave/Generated/SPI_MASTER/spi_master.o
                               0x23af (size before relaxing)
 .debug_str     0x00006c53      0x6b6 ./Dave/Generated/SPI_MASTER/spi_master_conf.o
                               0x23b7 (size before relaxing)
 .debug_str     0x00007309      0x188 ./Dave/Generated/GLOBAL_CCU4/global_ccu4.o
                                0x580 (size before relaxing)
 .debug_str     0x00007491       0x3f ./Dave/Generated/GLOBAL_CCU4/global_ccu4_conf.o
                                0x494 (size before relaxing)
 .debug_str     0x000074d0      0x281 ./Dave/Generated/FREERTOS/portable/GCC/port.o
                                0x4f0 (size before relaxing)
 .debug_str     0x00007751       0x55 ./Dave/Generated/FREERTOS/heap.o
                                0x297 (size before relaxing)
 .debug_str     0x000077a6      0x13f ./Dave/Generated/FREERTOS/list.o
                                0x3a3 (size before relaxing)
 .debug_str     0x000078e5      0x7d7 ./Dave/Generated/FREERTOS/queue.o
                                0xb95 (size before relaxing)
 .debug_str     0x000080bc      0xe43 ./Dave/Generated/FREERTOS/tasks.o
                               0x1327 (size before relaxing)
 .debug_str     0x00008eff      0x534 ./Dave/Generated/FREERTOS/timers.o
                                0x91e (size before relaxing)
 .debug_str     0x00009433       0xdf ./Dave/Generated/DIGITAL_IO/digital_io.o
                                0x90d (size before relaxing)
 .debug_str     0x00009512       0x37 ./Dave/Generated/DIGITAL_IO/digital_io_conf.o
                                0x856 (size before relaxing)
 .debug_str     0x00009549       0x88 ./Dave/Generated/CPU_CTRL_XMC4/cpu_ctrl_xmc4_conf.o
                                0x410 (size before relaxing)
 .debug_str     0x000095d1       0xf3 ./Dave/Generated/CLOCK_XMC4/clock_xmc4.o
                                0x3c1 (size before relaxing)
 .debug_str     0x000096c4       0xe5 ./Dave/Generated/CLOCK_XMC4/clock_xmc4_conf.o
                                0x92e (size before relaxing)
 .debug_str     0x000097a9       0x65 ./Dave/Generated/DAVE.o
                               0x17b0 (size before relaxing)
 .debug_str     0x0000980e      0x32b ./main.o
                               0x1d76 (size before relaxing)

.debug_loc      0x00000000     0x9246
 *(.debug_loc)
 .debug_loc     0x00000000      0x1a4 ./Startup/system_XMC4300.o
 .debug_loc     0x000001a4       0xb8 ./Libraries/XMCLib/src/xmc4_gpio.o
 .debug_loc     0x0000025c     0x265c ./Libraries/XMCLib/src/xmc4_scu.o
 .debug_loc     0x000028b8      0xc90 ./Libraries/XMCLib/src/xmc_ccu4.o
 .debug_loc     0x00003548       0xb8 ./Libraries/XMCLib/src/xmc_gpio.o
 .debug_loc     0x00003600      0x4b6 ./Libraries/XMCLib/src/xmc_spi.o
 .debug_loc     0x00003ab6      0x6c6 ./Libraries/XMCLib/src/xmc_usic.o
 .debug_loc     0x0000417c       0x94 ./Libraries/Newlib/syscalls.o
 .debug_loc     0x00004210      0xf24 ./Dave/Generated/SPI_MASTER/spi_master.o
 .debug_loc     0x00005134      0x6c0 ./Dave/Generated/SPI_MASTER/spi_master_conf.o
 .debug_loc     0x000057f4      0x108 ./Dave/Generated/GLOBAL_CCU4/global_ccu4.o
 .debug_loc     0x000058fc      0x30c ./Dave/Generated/FREERTOS/portable/GCC/port.o
 .debug_loc     0x00005c08       0xa0 ./Dave/Generated/FREERTOS/heap.o
 .debug_loc     0x00005ca8      0x1cc ./Dave/Generated/FREERTOS/list.o
 .debug_loc     0x00005e74      0xe01 ./Dave/Generated/FREERTOS/queue.o
 .debug_loc     0x00006c75     0x15f4 ./Dave/Generated/FREERTOS/tasks.o
 .debug_loc     0x00008269      0x839 ./Dave/Generated/FREERTOS/timers.o
 .debug_loc     0x00008aa2       0xac ./Dave/Generated/DIGITAL_IO/digital_io.o
 .debug_loc     0x00008b4e       0xac ./Dave/Generated/CPU_CTRL_XMC4/cpu_ctrl_xmc4_conf.o
 .debug_loc     0x00008bfa      0x14c ./Dave/Generated/CLOCK_XMC4/clock_xmc4.o
 .debug_loc     0x00008d46       0xac ./Dave/Generated/CLOCK_XMC4/clock_xmc4_conf.o
 .debug_loc     0x00008df2       0x50 ./Dave/Generated/DAVE.o
 .debug_loc     0x00008e42      0x404 ./main.o

.debug_macinfo
 *(.debug_macinfo)

.debug_ranges   0x00000000      0xef0
 *(.debug_ranges)
 .debug_ranges  0x00000000       0x38 ./Startup/system_XMC4300.o
 .debug_ranges  0x00000038       0x18 ./Libraries/XMCLib/src/xmc4_gpio.o
 .debug_ranges  0x00000050      0x3d8 ./Libraries/XMCLib/src/xmc4_scu.o
 .debug_ranges  0x00000428      0x128 ./Libraries/XMCLib/src/xmc_ccu4.o
 .debug_ranges  0x00000550       0x18 ./Libraries/XMCLib/src/xmc_gpio.o
 .debug_ranges  0x00000568       0x78 ./Libraries/XMCLib/src/xmc_spi.o
 .debug_ranges  0x000005e0       0xa8 ./Libraries/XMCLib/src/xmc_usic.o
 .debug_ranges  0x00000688       0x18 ./Libraries/Newlib/syscalls.o
 .debug_ranges  0x000006a0      0x170 ./Dave/Generated/SPI_MASTER/spi_master.o
 .debug_ranges  0x00000810       0xb0 ./Dave/Generated/SPI_MASTER/spi_master_conf.o
 .debug_ranges  0x000008c0       0x20 ./Dave/Generated/GLOBAL_CCU4/global_ccu4.o
 .debug_ranges  0x000008e0       0x70 ./Dave/Generated/FREERTOS/portable/GCC/port.o
 .debug_ranges  0x00000950       0x18 ./Dave/Generated/FREERTOS/heap.o
 .debug_ranges  0x00000968       0x30 ./Dave/Generated/FREERTOS/list.o
 .debug_ranges  0x00000998      0x160 ./Dave/Generated/FREERTOS/queue.o
 .debug_ranges  0x00000af8      0x230 ./Dave/Generated/FREERTOS/tasks.o
 .debug_ranges  0x00000d28       0xd8 ./Dave/Generated/FREERTOS/timers.o
 .debug_ranges  0x00000e00       0x18 ./Dave/Generated/DIGITAL_IO/digital_io.o
 .debug_ranges  0x00000e18       0x18 ./Dave/Generated/CPU_CTRL_XMC4/cpu_ctrl_xmc4_conf.o
 .debug_ranges  0x00000e30       0x28 ./Dave/Generated/CLOCK_XMC4/clock_xmc4.o
 .debug_ranges  0x00000e58       0x18 ./Dave/Generated/CLOCK_XMC4/clock_xmc4_conf.o
 .debug_ranges  0x00000e70       0x10 ./Dave/Generated/DAVE.o
 .debug_ranges  0x00000e80       0x70 ./main.o

.debug_weaknames
 *(.debug_weaknames)

.debug_funcnames
 *(.debug_funcnames)

.debug_typenames
 *(.debug_typenames)

.debug_varnames
 *(.debug_varnames)

.build_attributes
                0x00000000      0x778
 *(.ARM.attributes)
 .ARM.attributes
                0x00000000       0x25 ./Startup/startup_XMC4300.o
 .ARM.attributes
                0x00000025       0x37 ./Startup/system_XMC4300.o
 .ARM.attributes
                0x0000005c       0x37 ./Libraries/XMCLib/src/xmc4_gpio.o
 .ARM.attributes
                0x00000093       0x37 ./Libraries/XMCLib/src/xmc4_scu.o
 .ARM.attributes
                0x000000ca       0x37 ./Libraries/XMCLib/src/xmc_ccu4.o
 .ARM.attributes
                0x00000101       0x37 ./Libraries/XMCLib/src/xmc_gpio.o
 .ARM.attributes
                0x00000138       0x37 ./Libraries/XMCLib/src/xmc_spi.o
 .ARM.attributes
                0x0000016f       0x37 ./Libraries/XMCLib/src/xmc_usic.o
 .ARM.attributes
                0x000001a6       0x37 ./Libraries/Newlib/syscalls.o
 .ARM.attributes
                0x000001dd       0x37 ./Dave/Generated/SPI_MASTER/spi_master.o
 .ARM.attributes
                0x00000214       0x37 ./Dave/Generated/SPI_MASTER/spi_master_conf.o
 .ARM.attributes
                0x0000024b       0x37 ./Dave/Generated/GLOBAL_CCU4/global_ccu4.o
 .ARM.attributes
                0x00000282       0x37 ./Dave/Generated/GLOBAL_CCU4/global_ccu4_conf.o
 .ARM.attributes
                0x000002b9       0x37 ./Dave/Generated/FREERTOS/portable/GCC/port.o
 .ARM.attributes
                0x000002f0       0x37 ./Dave/Generated/FREERTOS/heap.o
 .ARM.attributes
                0x00000327       0x37 ./Dave/Generated/FREERTOS/list.o
 .ARM.attributes
                0x0000035e       0x37 ./Dave/Generated/FREERTOS/queue.o
 .ARM.attributes
                0x00000395       0x37 ./Dave/Generated/FREERTOS/tasks.o
 .ARM.attributes
                0x000003cc       0x37 ./Dave/Generated/FREERTOS/timers.o
 .ARM.attributes
                0x00000403       0x37 ./Dave/Generated/DIGITAL_IO/digital_io.o
 .ARM.attributes
                0x0000043a       0x37 ./Dave/Generated/DIGITAL_IO/digital_io_conf.o
 .ARM.attributes
                0x00000471       0x37 ./Dave/Generated/CPU_CTRL_XMC4/cpu_ctrl_xmc4_conf.o
 .ARM.attributes
                0x000004a8       0x37 ./Dave/Generated/CLOCK_XMC4/clock_xmc4.o
 .ARM.attributes
                0x000004df       0x37 ./Dave/Generated/CLOCK_XMC4/clock_xmc4_conf.o
 .ARM.attributes
                0x00000516       0x37 ./Dave/Generated/DAVE.o
 .ARM.attributes
                0x0000054d       0x37 ./main.o
 .ARM.attributes
                0x00000584       0x32 c:/dave-ide-4.4.2-64bit/eclipse/arm-gcc-49/bin/../lib/gcc/arm-none-eabi/4.9.3/../../../../arm-none-eabi/lib/armv7e-m/softfp\libg_nano.a(lib_a-errno.o)
 .ARM.attributes
                0x000005b6       0x32 c:/dave-ide-4.4.2-64bit/eclipse/arm-gcc-49/bin/../lib/gcc/arm-none-eabi/4.9.3/../../../../arm-none-eabi/lib/armv7e-m/softfp\libg_nano.a(lib_a-impure.o)
 .ARM.attributes
                0x000005e8       0x32 c:/dave-ide-4.4.2-64bit/eclipse/arm-gcc-49/bin/../lib/gcc/arm-none-eabi/4.9.3/../../../../arm-none-eabi/lib/armv7e-m/softfp\libg_nano.a(lib_a-init.o)
 .ARM.attributes
                0x0000061a       0x32 c:/dave-ide-4.4.2-64bit/eclipse/arm-gcc-49/bin/../lib/gcc/arm-none-eabi/4.9.3/../../../../arm-none-eabi/lib/armv7e-m/softfp\libg_nano.a(lib_a-malloc.o)
 .ARM.attributes
                0x0000064c       0x32 c:/dave-ide-4.4.2-64bit/eclipse/arm-gcc-49/bin/../lib/gcc/arm-none-eabi/4.9.3/../../../../arm-none-eabi/lib/armv7e-m/softfp\libg_nano.a(lib_a-memcpy.o)
 .ARM.attributes
                0x0000067e       0x32 c:/dave-ide-4.4.2-64bit/eclipse/arm-gcc-49/bin/../lib/gcc/arm-none-eabi/4.9.3/../../../../arm-none-eabi/lib/armv7e-m/softfp\libg_nano.a(lib_a-memset.o)
 .ARM.attributes
                0x000006b0       0x32 c:/dave-ide-4.4.2-64bit/eclipse/arm-gcc-49/bin/../lib/gcc/arm-none-eabi/4.9.3/../../../../arm-none-eabi/lib/armv7e-m/softfp\libg_nano.a(lib_a-nano-freer.o)
 .ARM.attributes
                0x000006e2       0x32 c:/dave-ide-4.4.2-64bit/eclipse/arm-gcc-49/bin/../lib/gcc/arm-none-eabi/4.9.3/../../../../arm-none-eabi/lib/armv7e-m/softfp\libg_nano.a(lib_a-nano-mallocr.o)
 .ARM.attributes
                0x00000714       0x32 c:/dave-ide-4.4.2-64bit/eclipse/arm-gcc-49/bin/../lib/gcc/arm-none-eabi/4.9.3/../../../../arm-none-eabi/lib/armv7e-m/softfp\libg_nano.a(lib_a-sbrkr.o)
 .ARM.attributes
                0x00000746       0x32 c:/dave-ide-4.4.2-64bit/eclipse/arm-gcc-49/bin/../lib/gcc/arm-none-eabi/4.9.3/../../../../arm-none-eabi/lib/armv7e-m/softfp\libg_nano.a(lib_a-reent.o)
OUTPUT(imu_test.elf elf32-littlearm)
